<html>
<body>
<pre>
<h1>µVision Build Log</h1>
<h2>Tool Versions:</h2>
IDE-Version: ¦ÌVision V5.39.0.0
Copyright (C) 2023 ARM Ltd and ARM Germany GmbH. All rights reserved.
License Information: zhang zicheng, fudan university, LIC=----
 
Tool Versions:
Toolchain:       MDK-Lite  Version: 5.39.0.0
Toolchain Path:  C:\Keil_v5\ARM\ARMCLANG\Bin
C Compiler:      ArmClang.exe V6.21
Assembler:       Armasm.exe V6.21
Linker/Locator:  ArmLink.exe V6.21
Library Manager: ArmAr.exe V6.21
Hex Converter:   FromElf.exe V6.21
CPU DLL:         
Dialog DLL:      
Target DLL:      CMSIS_AGDI_V8M.DLL V1.8.1.0
Dialog DLL:      TCM.DLL V1.56.4.0
 
<h2>Project:</h2>
C:\Users\vic123\Desktop\top_diansai\weidongshan_exp\2301_adc_dc\adc_dc.uvprojx
Project File Date:  04/14/2024

<h2>Output:</h2>
*** Using Compiler 'V6.21', folder: 'C:\Keil_v5\ARM\ARMCLANG\Bin'
Build target 'Target 1'
src/hal_entry.c(70): warning: variable 'err' set but not used [-Wunused-but-set-variable]
   70 |     fsp_err_t err;
      |               ^
1 warning generated.
compiling hal_entry.c...
linking...
Program Size: Code=12052 RO-data=1740 RW-data=20 ZI-data=2092  
After Build - User command #1: cmd /c "start "Renesas" /w cmd /c ""C:/Users/vic123/AppData/Local/Arm/Packs/Renesas/RA_DFP/5.2.0/launcher\rasc_launcher.bat" "C:\Users\vic123\Desktop\top_diansai\weidongshan_exp\2301_adc_dc\rasc_version.txt" -nosplash --launcher.suppressErrors --gensmartbundle --compiler ARMv6 "C:\Users\vic123\Desktop\top_diansai\weidongshan_exp\2301_adc_dc\configuration.xml" "C:\Users\vic123\Desktop\top_diansai\weidongshan_exp\2301_adc_dc\Objects\adc_dc.axf" 2> "%TEMP%\rasc_stderr.out"""
".\Objects\adc_dc.axf" - 0 Error(s), 1 Warning(s).

<h2>Software Packages used:</h2>

Package Vendor: Renesas
                
                Renesas::Project Content@1.0.0
                Project content managed by the Renesas Smart Configurator
   * Component: Build Configuration Version: 
   * Component: ra Version: 
   * Component: Generated Data Version: 
   * Component: Linker Script Version: 

Package Vendor: Renesas
                https://www2.renesas.eu/Keil_MDK_Packs/Renesas.RA_DFP.5.2.0.pack
                Renesas::RA_DFP@5.2.0
                Renesas RA series device family pack
   * Component: RA Configuration Version: 1.0.0

<h2>Collection of Component include folders:</h2>
  ./RTE/_Target_1
  ./ra/arm/CMSIS_5/CMSIS/Core/Include
  ./ra/fsp/inc
  ./ra/fsp/inc/api
  ./ra/fsp/inc/instances
  ./ra_cfg/fsp_cfg
  ./ra_cfg/fsp_cfg/bsp
  ./ra_gen
  C:/Users/vic123/Desktop/top_diansai/weidongshan_exp/2301_adc_dc

<h2>Collection of Component Files used:</h2>

   * Component: Renesas::Flex Software:Build Configuration
      Include file:  ra_cfg/fsp_cfg/bsp/bsp_mcu_family_cfg.h
      Include file:  ra_cfg/fsp_cfg/bsp/board_cfg.h
      Include file:  ra_cfg/fsp_cfg/r_sci_uart_cfg.h
      Include file:  ra_cfg/fsp_cfg/bsp/bsp_pin_cfg.h
      Include file:  ra_cfg/fsp_cfg/r_ioport_cfg.h
      Include file:  ra_cfg/fsp_cfg/r_sci_i2c_cfg.h
      Include file:  ra_cfg/fsp_cfg/bsp/bsp_cfg.h
      Include file:  ra_cfg/fsp_cfg/bsp/bsp_mcu_device_pn_cfg.h
      Include file:  ra_cfg/fsp_cfg/r_adc_cfg.h
      Include file:  ra_cfg/fsp_cfg/bsp/bsp_mcu_device_cfg.h

   * Component: Renesas::Flex Software:Components:ra
      Include file:  ra/arm/CMSIS_5/CMSIS/Core/Include/cmsis_armclang.h
      Include file:  ra/arm/CMSIS_5/CMSIS/Core/Include/cmsis_version.h
      Include file:  ra/arm/CMSIS_5/CMSIS/Core/Include/cmsis_compiler.h
      Include file:  ra/arm/CMSIS_5/CMSIS/Core/Include/cmsis_armclang_ltm.h
      Include file:  ra/arm/CMSIS_5/CMSIS/Core/Include/cmsis_armcc.h
      Include file:  ra/arm/CMSIS_5/CMSIS/Core/Include/cmsis_gcc.h
      Include file:  ra/arm/CMSIS_5/CMSIS/Core/Include/cmsis_iccarm.h
      Include file:  ra/arm/CMSIS_5/CMSIS/Core/Include/core_armv8mbl.h
      Include file:  ra/arm/CMSIS_5/CMSIS/Core/Include/core_armv8mml.h
      Include file:  ra/arm/CMSIS_5/CMSIS/Core/Include/core_cm0plus.h
      Include file:  ra/arm/CMSIS_5/CMSIS/Core/Include/core_cm0.h
      Include file:  ra/arm/CMSIS_5/CMSIS/Core/Include/core_cm1.h
      Include file:  ra/arm/CMSIS_5/CMSIS/Core/Include/core_cm3.h
      Include file:  ra/arm/CMSIS_5/CMSIS/Core/Include/core_cm33.h
      Include file:  ra/arm/CMSIS_5/CMSIS/Core/Include/core_cm35p.h
      Include file:  ra/arm/CMSIS_5/CMSIS/Core/Include/core_armv81mml.h
      Include file:  ra/arm/CMSIS_5/CMSIS/Core/Include/core_cm4.h
      Include file:  ra/arm/CMSIS_5/CMSIS/Core/Include/core_cm23.h
      Include file:  ra/arm/CMSIS_5/CMSIS/Core/Include/cachel1_armv7.h
      Include file:  ra/arm/CMSIS_5/CMSIS/Core/Include/core_starmc1.h
      Include file:  ra/arm/CMSIS_5/CMSIS/Core/Include/core_cm7.h
      Include file:  ra/fsp/inc/api/bsp_api.h
      Include file:  ra/fsp/inc/api/r_ioport_api.h
      Include file:  ra/fsp/inc/fsp_features.h
      Include file:  ra/fsp/inc/instances/r_adc.h
      Include file:  ra/arm/CMSIS_5/CMSIS/Core/Include/mpu_armv8.h
      Include file:  ra/fsp/inc/api/r_i2c_master_api.h
      Include file:  ra/fsp/inc/instances/r_sci_i2c.h
      Include file:  ra/arm/CMSIS_5/CMSIS/Core/Include/tz_context.h
      Include file:  ra/arm/CMSIS_5/CMSIS/Core/Include/pmu_armv8.h
      Include file:  ra/arm/CMSIS_5/CMSIS/Core/Include/mpu_armv7.h
      Include file:  ra/fsp/inc/instances/r_sci_uart.h
      Include file:  ra/fsp/src/bsp/cmsis/Device/RENESAS/Include/renesas.h
      Include file:  ra/fsp/inc/api/r_adc_api.h
      Include file:  ra/arm/CMSIS_5/CMSIS/Core/Include/core_cm55.h
      Include file:  ra/fsp/inc/api/fsp_common_api.h
      Include file:  ra/arm/CMSIS_5/CMSIS/Core/Include/core_cm85.h
      Include file:  ra/fsp/inc/api/r_uart_api.h
      Include file:  ra/fsp/inc/fsp_version.h
      Include file:  ra/arm/CMSIS_5/CMSIS/Core/Include/core_sc300.h
      Include file:  ra/fsp/inc/instances/r_ioport.h
      Include file:  ra/fsp/inc/api/r_elc_api.h
      Include file:  ra/fsp/src/bsp/cmsis/Device/RENESAS/Include/R7FA6M5BH.h
      Include file:  ra/fsp/src/bsp/cmsis/Device/RENESAS/Include/system.h
      Source file:   ra/fsp/src/bsp/cmsis/Device/RENESAS/Source/startup.c
      Source file:   ra/fsp/src/bsp/cmsis/Device/RENESAS/Source/system.c
      Source file:   ra/fsp/src/bsp/mcu/all/bsp_clocks.c
      Include file:  ra/fsp/inc/api/r_transfer_api.h
      Include file:  ra/arm/CMSIS_5/CMSIS/Core/Include/core_sc000.h
      Include file:  ra/arm/CMSIS_5/CMSIS/Core/Include/pac_armv81.h
      Source file:   ra/fsp/src/r_ioport/r_ioport.c
      Include file:  ra/fsp/src/bsp/mcu/all/bsp_common.h
      Source file:   ra/fsp/src/r_sci_i2c/r_sci_i2c.c
      Include file:  ra/fsp/src/bsp/mcu/all/bsp_guard.h
      Include file:  ra/fsp/src/bsp/mcu/all/bsp_delay.h
      Include file:  ra/fsp/src/bsp/mcu/all/bsp_group_irq.h
      Include file:  ra/fsp/src/bsp/mcu/all/bsp_clocks.h
      Source file:   ra/fsp/src/bsp/mcu/all/bsp_group_irq.c
      Include file:  ra/fsp/src/bsp/mcu/all/bsp_compiler_support.h
      Source file:   ra/fsp/src/bsp/mcu/all/bsp_io.c
      Include file:  ra/fsp/src/bsp/mcu/all/bsp_macl.h
      Include file:  ra/fsp/src/bsp/mcu/all/bsp_module_stop.h
      Source file:   ra/fsp/src/bsp/mcu/all/bsp_rom_registers.c
      Source file:   ra/fsp/src/bsp/mcu/all/bsp_security.c
      Source file:   ra/fsp/src/bsp/mcu/all/bsp_delay.c
      Source file:   ra/fsp/src/bsp/mcu/all/bsp_register_protection.c
      Source file:   ra/fsp/src/bsp/mcu/all/bsp_irq.c
      Include file:  ra/fsp/src/bsp/mcu/all/bsp_io.h
      Source file:   ra/fsp/src/bsp/mcu/all/bsp_macl.c
      Include file:  ra/fsp/src/bsp/mcu/all/bsp_exceptions.h
      Source file:   ra/fsp/src/bsp/mcu/all/bsp_sbrk.c
      Include file:  ra/fsp/src/bsp/mcu/all/bsp_mcu_api.h
      Include file:  ra/fsp/src/bsp/mcu/all/bsp_irq.h
      Include file:  ra/fsp/src/bsp/mcu/all/bsp_tfu.h
      Include file:  ra/fsp/src/bsp/mcu/ra6m5/bsp_feature.h
      Include file:  ra/fsp/src/bsp/mcu/all/bsp_register_protection.h
      Source file:   ra/fsp/src/bsp/mcu/all/bsp_guard.c
      Include file:  ra/fsp/src/bsp/mcu/all/bsp_security.h
      Include file:  ra/fsp/src/bsp/mcu/ra6m5/bsp_mcu_info.h
      Source file:   ra/fsp/src/bsp/mcu/all/bsp_common.c
      Source file:   ra/fsp/src/r_adc/r_adc.c
      Include file:  ra/fsp/src/bsp/mcu/ra6m5/bsp_elc.h
      Source file:   ra/fsp/src/r_sci_uart/r_sci_uart.c

   * Component: Renesas::Flex Software:Generated Data
      Include file:  ra_gen/hal_data.h
      Source file:   ra_gen/main.c
      Source file:   ra_gen/pin_data.c
      Include file:  ra_gen/common_data.h
      Source file:   ra_gen/vector_data.c
      Source file:   ra_gen/common_data.c
      Include file:  ra_gen/vector_data.h
      Include file:  ra_gen/bsp_clock_cfg.h
      Source file:   ra_gen/hal_data.c

   * Component: Renesas::Flex Software:Linker Script

   * Component: Renesas::Flex Software:RA Configuration@1.0.0
Build Time Elapsed:  00:00:12
</pre>
</body>
</html>
