Component: Arm Compiler for Embedded 6.21 Tool: armlink [5ec1fa00]

==============================================================================

Section Cross References

    app_adc.o(.ARM.exidx.text.ADCAppTest) refers to app_adc.o(.text.ADCAppTest) for [Anonymous Symbol]
    drv_adc.o(.text.ADCGetDevice) refers to drv_adc.o(.data.gAdcDev) for gAdcDev
    drv_adc.o(.ARM.exidx.text.ADCGetDevice) refers to drv_adc.o(.text.ADCGetDevice) for [Anonymous Symbol]
    drv_adc.o(.text.ADCDrvInit) refers to hal_data.o(.rodata.g_adc5) for g_adc5
    drv_adc.o(.text.ADCDrvInit) refers to drv_adc.o(.rodata.str1.1) for .L.str.1
    drv_adc.o(.text.ADCDrvInit) refers to bsp_common.o(.text.__aeabi_assert) for __aeabi_assert
    drv_adc.o(.ARM.exidx.text.ADCDrvInit) refers to drv_adc.o(.text.ADCDrvInit) for [Anonymous Symbol]
    drv_adc.o(.text.ADCDrvRead) refers to hal_data.o(.rodata.g_adc5) for g_adc5
    drv_adc.o(.text.ADCDrvRead) refers to drv_adc.o(.rodata.str1.1) for .L.str.1
    drv_adc.o(.text.ADCDrvRead) refers to bsp_common.o(.text.__aeabi_assert) for __aeabi_assert
    drv_adc.o(.ARM.exidx.text.ADCDrvRead) refers to drv_adc.o(.text.ADCDrvRead) for [Anonymous Symbol]
    drv_adc.o(.data.gAdcDev) refers to drv_adc.o(.rodata.str1.1) for [Anonymous Symbol]
    drv_adc.o(.data.gAdcDev) refers to drv_adc.o(.text.ADCDrvInit) for ADCDrvInit
    drv_adc.o(.data.gAdcDev) refers to drv_adc.o(.text.ADCDrvRead) for ADCDrvRead
    drv_uart.o(.text.UARTDrvInit) refers to hal_data.o(.rodata.g_uart7) for g_uart7
    drv_uart.o(.text.UARTDrvInit) refers to printfa.o(i.__0printf) for __2printf
    drv_uart.o(.ARM.exidx.text.UARTDrvInit) refers to drv_uart.o(.text.UARTDrvInit) for [Anonymous Symbol]
    drv_uart.o(.text.sci_uart7_callback) refers to drv_uart.o(.bss.gUartTxCplt) for gUartTxCplt
    drv_uart.o(.ARM.exidx.text.sci_uart7_callback) refers to drv_uart.o(.text.sci_uart7_callback) for [Anonymous Symbol]
    drv_uart.o(.text.fputc) refers to hal_data.o(.rodata.g_uart7) for g_uart7
    drv_uart.o(.text.fputc) refers to drv_uart.o(.bss.gUartTxCplt) for gUartTxCplt
    drv_uart.o(.text.fputc) refers to bsp_delay.o(.text.R_BSP_SoftwareDelay) for R_BSP_SoftwareDelay
    drv_uart.o(.ARM.exidx.text.fputc) refers to drv_uart.o(.text.fputc) for [Anonymous Symbol]
    hal_systick.o(.text.SystickInit) refers to bsp_clocks.o(.text.R_BSP_SourceClockHzGet) for R_BSP_SourceClockHzGet
    hal_systick.o(.ARM.exidx.text.SystickInit) refers to hal_systick.o(.text.SystickInit) for [Anonymous Symbol]
    hal_systick.o(.text.SysTick_Handler) refers to hal_systick.o(.bss.dwTick) for dwTick
    hal_systick.o(.ARM.exidx.text.SysTick_Handler) refers to hal_systick.o(.text.SysTick_Handler) for [Anonymous Symbol]
    hal_systick.o(.text.HAL_Delay) refers to hal_systick.o(.bss.dwTick) for dwTick
    hal_systick.o(.ARM.exidx.text.HAL_Delay) refers to hal_systick.o(.text.HAL_Delay) for [Anonymous Symbol]
    hal_systick.o(.text.HAL_GetTick) refers to hal_systick.o(.bss.dwTick) for dwTick
    hal_systick.o(.ARM.exidx.text.HAL_GetTick) refers to hal_systick.o(.text.HAL_GetTick) for [Anonymous Symbol]
    hal_entry.o(.text.sci_i2c2_master_callback) refers to hal_entry.o(.bss.gI2CTxCplt) for gI2CTxCplt
    hal_entry.o(.text.sci_i2c2_master_callback) refers to hal_entry.o(.bss.gI2CRxCplt) for gI2CRxCplt
    hal_entry.o(.ARM.exidx.text.sci_i2c2_master_callback) refers to hal_entry.o(.text.sci_i2c2_master_callback) for [Anonymous Symbol]
    hal_entry.o(.text.drive) refers to common_data.o(.rodata.g_ioport) for g_ioport
    hal_entry.o(.ARM.exidx.text.drive) refers to hal_entry.o(.text.drive) for [Anonymous Symbol]
    hal_entry.o(.text.hal_entry) refers to hal_systick.o(.text.SystickInit) for SystickInit
    hal_entry.o(.text.hal_entry) refers to drv_uart.o(.text.UARTDrvInit) for UARTDrvInit
    hal_entry.o(.text.hal_entry) refers to bsp_dht11.o(.text.DHT11_Init) for DHT11_Init
    hal_entry.o(.text.hal_entry) refers to drv_adc.o(.text.ADCGetDevice) for ADCGetDevice
    hal_entry.o(.text.hal_entry) refers to printfa.o(i.__0printf) for __2printf
    hal_entry.o(.text.hal_entry) refers to hal_data.o(.rodata.g_uart7) for g_uart7
    hal_entry.o(.text.hal_entry) refers to hal_data.o(.rodata.g_i2c2) for g_i2c2
    hal_entry.o(.text.hal_entry) refers to puts.o(i.puts) for puts
    hal_entry.o(.text.hal_entry) refers to common_data.o(.rodata.g_ioport) for g_ioport
    hal_entry.o(.text.hal_entry) refers to bsp_dht11.o(.text.DHT11_Read) for DHT11_Read
    hal_entry.o(.text.hal_entry) refers to hal_entry.o(.bss.humdity_integer) for humdity_integer
    hal_entry.o(.text.hal_entry) refers to hal_entry.o(.bss.temp_integer) for temp_integer
    hal_entry.o(.text.hal_entry) refers to bsp_delay.o(.text.R_BSP_SoftwareDelay) for R_BSP_SoftwareDelay
    hal_entry.o(.text.hal_entry) refers to memseta.o(.text) for __aeabi_memclr4
    hal_entry.o(.text.hal_entry) refers to hal_entry.o(.rodata.str1.1) for .L.str.5
[...]
    .text                                    0x00000558   Section        0  d2f.o(.text)
    .text                                    0x00000590   Section        0  uidiv.o(.text)
    .text                                    0x000005bc   Section        0  uldiv.o(.text)
    .text                                    0x0000061e   Section        0  llshl.o(.text)
    .text                                    0x0000063c   Section        0  llsshr.o(.text)
    .text                                    0x00000660   Section        0  iusefp.o(.text)
    .text                                    0x00000660   Section        0  fepilogue.o(.text)
    .text                                    0x000006ce   Section        0  depilogue.o(.text)
    .text                                    0x00000788   Section        0  dfixul.o(.text)
    .text                                    0x000007b8   Section       48  cdrcmple.o(.text)
    .text                                    0x000007e8   Section        0  llushr.o(.text)
    ADCDrvInit                               0x00000809   Thumb Code    96  drv_adc.o(.text.ADCDrvInit)
    [Anonymous Symbol]                       0x00000808   Section        0  drv_adc.o(.text.ADCDrvInit)
    ADCDrvRead                               0x00000869   Thumb Code   154  drv_adc.o(.text.ADCDrvRead)
    [Anonymous Symbol]                       0x00000868   Section        0  drv_adc.o(.text.ADCDrvRead)
    [Anonymous Symbol]                       0x00000902   Section        0  drv_adc.o(.text.ADCGetDevice)
    [Anonymous Symbol]                       0x0000090c   Section        0  bsp_dht11.o(.text.DHT11_Init)
    [Anonymous Symbol]                       0x00000930   Section        0  bsp_dht11.o(.text.DHT11_Read)
    [Anonymous Symbol]                       0x00000a28   Section        0  bsp_dht11.o(.text.DHT11_ReadByte)
    [Anonymous Symbol]                       0x00000a90   Section        0  startup.o(.text.Default_Handler)
    [Anonymous Symbol]                       0x00000a94   Section        0  bsp_group_irq.o(.text.NMI_Handler)
    [Anonymous Symbol]                       0x00000ad8   Section        0  r_adc.o(.text.R_ADC_Calibrate)
    [Anonymous Symbol]                       0x00000adc   Section        0  r_adc.o(.text.R_ADC_CallbackSet)
    [Anonymous Symbol]                       0x00000aea   Section        0  r_adc.o(.text.R_ADC_Close)
    [Anonymous Symbol]                       0x00000bd0   Section        0  r_adc.o(.text.R_ADC_InfoGet)
    [Anonymous Symbol]                       0x00000c44   Section        0  r_adc.o(.text.R_ADC_OffsetSet)
    [Anonymous Symbol]                       0x00000c48   Section        0  r_adc.o(.text.R_ADC_Open)
    adc_elc_trigger_lut                      0x00000d50   Number         0  r_adc.o(.text.R_ADC_Open)
    [Anonymous Symbol]                       0x00000d5c   Section        0  r_adc.o(.text.R_ADC_Read)
    [Anonymous Symbol]                       0x00000d6a   Section        0  r_adc.o(.text.R_ADC_Read32)
    [Anonymous Symbol]                       0x00000d82   Section        0  r_adc.o(.text.R_ADC_ScanCfg)
    [Anonymous Symbol]                       0x00000f56   Section        0  r_adc.o(.text.R_ADC_ScanGroupStart)
    [Anonymous Symbol]                       0x00000f5a   Section        0  r_adc.o(.text.R_ADC_ScanStart)
    [Anonymous Symbol]                       0x00000f64   Section        0  r_adc.o(.text.R_ADC_ScanStop)
    [Anonymous Symbol]                       0x00000f6e   Section        0  r_adc.o(.text.R_ADC_StatusGet)
    [Anonymous Symbol]                       0x00000f7c   Section        0  bsp_clocks.o(.text.R_BSP_Init_RTC)
    [Anonymous Symbol]                       0x00000fd4   Section        0  bsp_register_protection.o(.text.R_BSP_RegisterProtectDisable)
    [Anonymous Symbol]                       0x00001022   Section        0  bsp_register_protection.o(.text.R_BSP_RegisterProtectEnable)
    [Anonymous Symbol]                       0x00001074   Section        0  bsp_delay.o(.text.R_BSP_SoftwareDelay)
    [Anonymous Symbol]                       0x000010cc   Section        0  bsp_clocks.o(.text.R_BSP_SourceClockHzGet)
    [Anonymous Symbol]                       0x000010da   Section        0  bsp_clocks.o(.text.R_BSP_SubClockStabilizeWaitAfterReset)
    [Anonymous Symbol]                       0x000010dc   Section        0  hal_entry.o(.text.R_BSP_WarmStart)
    [Anonymous Symbol]                       0x000010f8   Section        0  r_ioport.o(.text.R_IOPORT_Close)
    [Anonymous Symbol]                       0x00001102   Section        0  r_ioport.o(.text.R_IOPORT_Open)
    [Anonymous Symbol]                       0x00001118   Section        0  r_ioport.o(.text.R_IOPORT_PinCfg)
    [Anonymous Symbol]                       0x000011ca   Section        0  r_ioport.o(.text.R_IOPORT_PinEventInputRead)
    [Anonymous Symbol]                       0x000011f2   Section        0  r_ioport.o(.text.R_IOPORT_PinEventOutputWrite)
    [Anonymous Symbol]                       0x00001244   Section        0  r_ioport.o(.text.R_IOPORT_PinRead)
    [Anonymous Symbol]                       0x00001266   Section        0  r_ioport.o(.text.R_IOPORT_PinWrite)
    [Anonymous Symbol]                       0x0000128e   Section        0  r_ioport.o(.text.R_IOPORT_PinsCfg)
    [Anonymous Symbol]                       0x0000129a   Section        0  r_ioport.o(.text.R_IOPORT_PortDirectionSet)
    [Anonymous Symbol]                       0x000012c6   Section        0  r_ioport.o(.text.R_IOPORT_PortEventInputRead)
    [Anonymous Symbol]                       0x000012de   Section        0  r_ioport.o(.text.R_IOPORT_PortEventOutputWrite)
    [Anonymous Symbol]                       0x000012fe   Section        0  r_ioport.o(.text.R_IOPORT_PortRead)
    [Anonymous Symbol]                       0x00001314   Section        0  r_ioport.o(.text.R_IOPORT_PortWrite)
    [Anonymous Symbol]                       0x00001334   Section        0  r_sci_i2c.o(.text.R_SCI_I2C_Abort)
    [Anonymous Symbol]                       0x0000135c   Section        0  r_sci_i2c.o(.text.R_SCI_I2C_CallbackSet)
    [Anonymous Symbol]                       0x0000136a   Section        0  r_sci_i2c.o(.text.R_SCI_I2C_Close)
    [Anonymous Symbol]                       0x000013c0   Section        0  r_sci_i2c.o(.text.R_SCI_I2C_Open)
    [Anonymous Symbol]                       0x0000151c   Section        0  r_sci_i2c.o(.text.R_SCI_I2C_Read)
    [Anonymous Symbol]                       0x0000152c   Section        0  r_sci_i2c.o(.text.R_SCI_I2C_SlaveAddressSet)
    [Anonymous Symbol]                       0x00001536   Section        0  r_sci_i2c.o(.text.R_SCI_I2C_StatusGet)
    [Anonymous Symbol]                       0x0000154e   Section        0  r_sci_i2c.o(.text.R_SCI_I2C_Write)
    [Anonymous Symbol]                       0x0000155e   Section        0  r_sci_uart.o(.text.R_SCI_UART_Abort)
    [Anonymous Symbol]                       0x00001580   Section        0  r_sci_uart.o(.text.R_SCI_UART_BaudSet)
    [Anonymous Symbol]                       0x000015d0   Section        0  r_sci_uart.o(.text.R_SCI_UART_CallbackSet)
    [Anonymous Symbol]                       0x000015de   Section        0  r_sci_uart.o(.text.R_SCI_UART_Close)
    [Anonymous Symbol]                       0x00001684   Section        0  r_sci_uart.o(.text.R_SCI_UART_InfoGet)
    [Anonymous Symbol]                       0x00001690   Section        0  r_sci_uart.o(.text.R_SCI_UART_Open)
    [Anonymous Symbol]                       0x000019ae   Section        0  r_sci_uart.o(.text.R_SCI_UART_Read)
    [Anonymous Symbol]                       0x000019b8   Section        0  r_sci_uart.o(.text.R_SCI_UART_ReadStop)
    [Anonymous Symbol]                       0x000019c6   Section        0  r_sci_uart.o(.text.R_SCI_UART_Write)
    [Anonymous Symbol]                       0x00001a14   Section        0  startup.o(.text.Reset_Handler)
    [Anonymous Symbol]                       0x00001a1e   Section        0  hal_systick.o(.text.SysTick_Handler)
    [Anonymous Symbol]                       0x00001a2e   Section        0  bsp_clocks.o(.text.SystemCoreClockUpdate)
    [Anonymous Symbol]                       0x00001a5c   Section        0  system.o(.text.SystemInit)
    [Anonymous Symbol]                       0x00001b4c   Section        0  hal_systick.o(.text.SystickInit)
    [Anonymous Symbol]                       0x00001b94   Section        0  drv_uart.o(.text.UARTDrvInit)
    [Anonymous Symbol]                       0x00001bdc   Section        0  bsp_common.o(.text.__aeabi_assert)
    [Anonymous Symbol]                       0x00001be4   Section        0  bsp_clocks.o(.text.bsp_clock_init)
    [Anonymous Symbol]                       0x00001d0e   Section        0  bsp_common.o(.text.bsp_init_internal)
    [Anonymous Symbol]                       0x00001d10   Section        0  bsp_irq.o(.text.bsp_irq_cfg)
    sw_delay_loop                            0x00001da6   Number         0  bsp_delay.o(.text.bsp_prv_software_delay_loop)
    [Anonymous Symbol]                       0x00001da6   Section        0  bsp_delay.o(.text.bsp_prv_software_delay_loop)
    bsp_vbatt_init                           0x00001db1   Thumb Code   136  r_ioport.o(.text.bsp_vbatt_init)
    [Anonymous Symbol]                       0x00001db0   Section        0  r_ioport.o(.text.bsp_vbatt_init)
    g_vbatt_pins_input                       0x00001e38   Number         0  r_ioport.o(.text.bsp_vbatt_init)
    [Anonymous Symbol]                       0x00001e44   Section        0  drv_uart.o(.text.fputc)
    [Anonymous Symbol]                       0x00001e90   Section        0  hal_entry.o(.text.hal_entry)
    [Anonymous Symbol]                       0x000021ac   Section        0  main.o(.text.main)
    r_adc_irq_enable                         0x000021b7   Thumb Code    88  r_adc.o(.text.r_adc_irq_enable)
    [Anonymous Symbol]                       0x000021b6   Section        0  r_adc.o(.text.r_adc_irq_enable)
    r_ioport_pins_config                     0x00002211   Thumb Code   192  r_ioport.o(.text.r_ioport_pins_config)
    [Anonymous Symbol]                       0x00002210   Section        0  r_ioport.o(.text.r_ioport_pins_config)
    r_sci_uart_call_callback                 0x000022d1   Thumb Code    64  r_sci_uart.o(.text.r_sci_uart_call_callback)
    [Anonymous Symbol]                       0x000022d0   Section        0  r_sci_uart.o(.text.r_sci_uart_call_callback)
    [Anonymous Symbol]                       0x00002310   Section        0  hal_entry.o(.text.sci_i2c2_master_callback)
    sci_i2c_read_write                       0x00002335   Thumb Code   150  r_sci_i2c.o(.text.sci_i2c_read_write)
    [Anonymous Symbol]                       0x00002334   Section        0  r_sci_i2c.o(.text.sci_i2c_read_write)
    [Anonymous Symbol]                       0x000023ca   Section        0  r_sci_i2c.o(.text.sci_i2c_tei_isr)
    [Anonymous Symbol]                       0x000024e0   Section        0  r_sci_i2c.o(.text.sci_i2c_txi_isr)
    [Anonymous Symbol]                       0x00002602   Section        0  drv_uart.o(.text.sci_uart7_callback)
    [Anonymous Symbol]                       0x00002618   Section        0  r_sci_uart.o(.text.sci_uart_eri_isr)
    [Anonymous Symbol]                       0x00002682   Section        0  r_sci_uart.o(.text.sci_uart_rxi_isr)
    [Anonymous Symbol]                       0x0000270a   Section        0  r_sci_uart.o(.text.sci_uart_tei_isr)
    [Anonymous Symbol]                       0x00002754   Section        0  r_sci_uart.o(.text.sci_uart_txi_isr)
    i.__0printf                              0x000027dc   Section        0  printfa.o(i.__0printf)
    _fp_digits                               0x000027fd   Thumb Code   366  printfa.o(i._fp_digits)
    i._fp_digits                             0x000027fc   Section        0  printfa.o(i._fp_digits)
    _printf_core                             0x00002981   Thumb Code  1744  printfa.o(i._printf_core)
    i._printf_core                           0x00002980   Section        0  printfa.o(i._printf_core)
    _printf_post_padding                     0x0000305d   Thumb Code    36  printfa.o(i._printf_post_padding)
    i._printf_post_padding                   0x0000305c   Section        0  printfa.o(i._printf_post_padding)
    _printf_pre_padding                      0x00003081   Thumb Code    46  printfa.o(i._printf_pre_padding)
    i._printf_pre_padding                    0x00003080   Section        0  printfa.o(i._printf_pre_padding)
    i.puts                                   0x000030b0   Section        0  puts.o(i.puts)
    g_prcr_masks                             0x000030d4   Data           8  bsp_register_protection.o(.rodata.cst8)
    [Anonymous Symbol]                       0x000030d4   Section        0  bsp_register_protection.o(.rodata.cst8)
    __tagsym$$used.1                         0x000034c8   Number         0  bsp_security.o(.rodata.gp_start_of_nonsecure_callable_flash)
    __tagsym$$used.4                         0x000034cc   Number         0  bsp_security.o(.rodata.gp_start_of_nonsecure_callable_ram)
    __tagsym$$used.6                         0x000034d0   Number         0  bsp_security.o(.rodata.gp_start_of_nonsecure_data_flash)
    __tagsym$$used.0                         0x000034d4   Number         0  bsp_security.o(.rodata.gp_start_of_nonsecure_flash)
    __tagsym$$used.3                         0x000034d8   Number         0  bsp_security.o(.rodata.gp_start_of_nonsecure_ram)
    __tagsym$$used.7                         0x000034dc   Number         0  bsp_security.o(.rodata.gp_start_of_secure_data_flash)
    __tagsym$$used.2                         0x000034e0   Number         0  bsp_security.o(.rodata.gp_start_of_secure_flash)
    __tagsym$$used.5                         0x000034e4   Number         0  bsp_security.o(.rodata.gp_start_of_secure_ram)
    [Anonymous Symbol]                       0x000034e8   Section        0  drv_adc.o(.rodata.str1.1)
    .L.str.2                                 0x000034ed   Data          18  drv_adc.o(.rodata.str1.1)
    .L.str.1                                 0x000034ff   Data          19  drv_adc.o(.rodata.str1.1)
    .L.str.5                                 0x00003512   Data          20  hal_entry.o(.rodata.str1.1)
    [Anonymous Symbol]                       0x00003512   Section        0  hal_entry.o(.rodata.str1.1)
    .Lstr.9                                  0x00003526   Data          30  hal_entry.o(.rodata.str1.1)
    __tagsym$$used.0                         0x00003544   Number         0  bsp_common.o(.version)
    g_fsp_version                            0x00003544   Data           4  bsp_common.o(.version)
    [Anonymous Symbol]                       0x00003544   Section        0  bsp_common.o(.version)
    __tagsym$$used.1                         0x00003548   Number         0  bsp_common.o(.version)
    g_fsp_version_string                     0x00003548   Data           6  bsp_common.o(.version)
    [Anonymous Symbol]                       0x00003548   Section        0  bsp_common.o(.version)
    __tagsym$$used.2                         0x0000354e   Number         0  bsp_common.o(.version)
    g_fsp_version_build_string               0x0000354e   Data          68  bsp_common.o(.version)
    [Anonymous Symbol]                       0x0000354e   Section        0  bsp_common.o(.version)
    __tagsym$$used.0                         0x0100a100   Number         0  bsp_rom_registers.o(.option_setting_ofs0)
    g_bsp_rom_ofs0                           0x0100a100   Data           4  bsp_rom_registers.o(.option_setting_ofs0)
    [Anonymous Symbol]                       0x0100a100   Section        0  bsp_rom_registers.o(.option_setting_ofs0)
    __tagsym$$used.1                         0x0100a110   Number         0  bsp_rom_registers.o(.option_setting_dualsel)
    g_bsp_rom_dualsel                        0x0100a110   Data           4  bsp_rom_registers.o(.option_setting_dualsel)
    [Anonymous Symbol]                       0x0100a110   Section        0  bsp_rom_registers.o(.option_setting_dualsel)
    __tagsym$$used.2                         0x0100a134   Number         0  bsp_rom_registers.o(.option_setting_sas)
    g_bsp_rom_sas                            0x0100a134   Data           4  bsp_rom_registers.o(.option_setting_sas)
    [Anonymous Symbol]                       0x0100a134   Section        0  bsp_rom_registers.o(.option_setting_sas)
    __tagsym$$used.3                         0x0100a200   Number         0  bsp_rom_registers.o(.option_setting_ofs1_sec)
    g_bsp_rom_ofs1_sec                       0x0100a200   Data           4  bsp_rom_registers.o(.option_setting_ofs1_sec)
    [Anonymous Symbol]                       0x0100a200   Section        0  bsp_rom_registers.o(.option_setting_ofs1_sec)
    __tagsym$$used.4                         0x0100a210   Number         0  bsp_rom_registers.o(.option_setting_banksel_sec)
    g_bsp_rom_banksel_sec                    0x0100a210   Data           4  bsp_rom_registers.o(.option_setting_banksel_sec)
    [Anonymous Symbol]                       0x0100a210   Section        0  bsp_rom_registers.o(.option_setting_banksel_sec)
    __tagsym$$used.5                         0x0100a240   Number         0  bsp_rom_registers.o(.option_setting_bps_sec0)
    g_bsp_rom_bps_sec0                       0x0100a240   Data           4  bsp_rom_registers.o(.option_setting_bps_sec0)
    [Anonymous Symbol]                       0x0100a240   Section        0  bsp_rom_registers.o(.option_setting_bps_sec0)
    __tagsym$$used.6                         0x0100a244   Number         0  bsp_rom_registers.o(.option_setting_bps_sec1)
    g_bsp_rom_bps_sec1                       0x0100a244   Data           4  bsp_rom_registers.o(.option_setting_bps_sec1)
    [Anonymous Symbol]                       0x0100a244   Section        0  bsp_rom_registers.o(.option_setting_bps_sec1)
    __tagsym$$used.7                         0x0100a248   Number         0  bsp_rom_registers.o(.option_setting_bps_sec2)
    g_bsp_rom_bps_sec2                       0x0100a248   Data           4  bsp_rom_registers.o(.option_setting_bps_sec2)
    [Anonymous Symbol]                       0x0100a248   Section        0  bsp_rom_registers.o(.option_setting_bps_sec2)
    __tagsym$$used.8                         0x0100a24c   Number         0  bsp_rom_registers.o(.option_setting_bps_sec3)
    g_bsp_rom_bps_sec3                       0x0100a24c   Data           4  bsp_rom_registers.o(.option_setting_bps_sec3)
    [Anonymous Symbol]                       0x0100a24c   Section        0  bsp_rom_registers.o(.option_setting_bps_sec3)
    __tagsym$$used.9                         0x0100a260   Number         0  bsp_rom_registers.o(.option_setting_pbps_sec0)
    g_bsp_rom_pbps_sec0                      0x0100a260   Data           4  bsp_rom_registers.o(.option_setting_pbps_sec0)
    [Anonymous Symbol]                       0x0100a260   Section        0  bsp_rom_registers.o(.option_setting_pbps_sec0)
    __tagsym$$used.10                        0x0100a264   Number         0  bsp_rom_registers.o(.option_setting_pbps_sec1)
    g_bsp_rom_pbps_sec1                      0x0100a264   Data           4  bsp_rom_registers.o(.option_setting_pbps_sec1)
    [Anonymous Symbol]                       0x0100a264   Section        0  bsp_rom_registers.o(.option_setting_pbps_sec1)
    __tagsym$$used.11                        0x0100a268   Number         0  bsp_rom_registers.o(.option_setting_pbps_sec2)
    g_bsp_rom_pbps_sec2                      0x0100a268   Data           4  bsp_rom_registers.o(.option_setting_pbps_sec2)
    [Anonymous Symbol]                       0x0100a268   Section        0  bsp_rom_registers.o(.option_setting_pbps_sec2)
    __tagsym$$used.12                        0x0100a26c   Number         0  bsp_rom_registers.o(.option_setting_pbps_sec3)
    g_bsp_rom_pbps_sec3                      0x0100a26c   Data           4  bsp_rom_registers.o(.option_setting_pbps_sec3)
    [Anonymous Symbol]                       0x0100a26c   Section        0  bsp_rom_registers.o(.option_setting_pbps_sec3)
    __tagsym$$used.13                        0x0100a280   Number         0  bsp_rom_registers.o(.option_setting_ofs1_sel)
    g_bsp_rom_ofs1_sel                       0x0100a280   Data           4  bsp_rom_registers.o(.option_setting_ofs1_sel)
    [Anonymous Symbol]                       0x0100a280   Section        0  bsp_rom_registers.o(.option_setting_ofs1_sel)
    __tagsym$$used.14                        0x0100a290   Number         0  bsp_rom_registers.o(.option_setting_banksel_sel)
    g_bsp_rom_banksel_sel                    0x0100a290   Data           4  bsp_rom_registers.o(.option_setting_banksel_sel)
    [Anonymous Symbol]                       0x0100a290   Section        0  bsp_rom_registers.o(.option_setting_banksel_sel)
    __tagsym$$used.15                        0x0100a2c0   Number         0  bsp_rom_registers.o(.option_setting_bps_sel0)
    g_bsp_rom_bps_sel0                       0x0100a2c0   Data           4  bsp_rom_registers.o(.option_setting_bps_sel0)
    [Anonymous Symbol]                       0x0100a2c0   Section        0  bsp_rom_registers.o(.option_setting_bps_sel0)
    __tagsym$$used.16                        0x0100a2c4   Number         0  bsp_rom_registers.o(.option_setting_bps_sel1)
    g_bsp_rom_bps_sel1                       0x0100a2c4   Data           4  bsp_rom_registers.o(.option_setting_bps_sel1)
    [Anonymous Symbol]                       0x0100a2c4   Section        0  bsp_rom_registers.o(.option_setting_bps_sel1)
    __tagsym$$used.17                        0x0100a2c8   Number         0  bsp_rom_registers.o(.option_setting_bps_sel2)
    g_bsp_rom_bps_sel2                       0x0100a2c8   Data           4  bsp_rom_registers.o(.option_setting_bps_sel2)
    [Anonymous Symbol]                       0x0100a2c8   Section        0  bsp_rom_registers.o(.option_setting_bps_sel2)
    __tagsym$$used.18                        0x0100a2cc   Number         0  bsp_rom_registers.o(.option_setting_bps_sel3)
    g_bsp_rom_bps_sel3                       0x0100a2cc   Data           4  bsp_rom_registers.o(.option_setting_bps_sel3)
    [Anonymous Symbol]                       0x0100a2cc   Section        0  bsp_rom_registers.o(.option_setting_bps_sel3)
    gAdcDev                                  0x20000000   Data          16  drv_adc.o(.data.gAdcDev)
    [Anonymous Symbol]                       0x20000000   Section        0  drv_adc.o(.data.gAdcDev)
    dwTick                                   0x2000006c   Data           4  hal_systick.o(.bss.dwTick)
    [Anonymous Symbol]                       0x2000006c   Section        0  hal_systick.o(.bss.dwTick)
    gI2CRxCplt                               0x20000070   Data           1  hal_entry.o(.bss.gI2CRxCplt)
    [Anonymous Symbol]                       0x20000070   Section        0  hal_entry.o(.bss.gI2CRxCplt)
    gI2CTxCplt                               0x20000071   Data           1  hal_entry.o(.bss.gI2CTxCplt)
    [Anonymous Symbol]                       0x20000071   Section        0  hal_entry.o(.bss.gI2CTxCplt)
    gUartTxCplt                              0x20000072   Data           1  drv_uart.o(.bss.gUartTxCplt)
    [Anonymous Symbol]                       0x20000072   Section        0  drv_uart.o(.bss.gUartTxCplt)
    __tagsym$$used.0                         0x200002e8   Number         0  bsp_clocks.o(.bss.noinit)
    g_clock_freq                             0x200002e8   Data          28  bsp_clocks.o(.bss.noinit)
    [Anonymous Symbol]                       0x200002e8   Section        0  bsp_clocks.o(.bss.noinit)
    __tagsym$$used.0                         0x20000308   Number         0  startup.o(.bss.stack)
    g_main_stack                             0x20000308   Data        1024  startup.o(.bss.stack)
    [Anonymous Symbol]                       0x20000308   Section        0  startup.o(.bss.stack)

    Global Symbols

    Symbol Name                              Value     Ov Type        Size  Object(Section)

    BuildAttributes$$THM_ISAv4$E$P$D$K$B$S$7EM$8M$VFPi5$EXTD16$VFPS$VFMA$PE$A:L22UL41UL21$X:L11$S22US41US21$IEEE1$IW$USESV6$~STKCKD$USESV7$WCHAR32$ENUMINT$~SHL$OTIME$ROPI$MICROLIB$REQ8$PRES8$EABIv2 0x00000000   Number         0  anon$$obj.o ABSOLUTE
    Image$$__tz_FLASH_S$$Base                0x00000000   Number         0  anon$$obj.o ABSOLUTE
    __Vectors                                0x00000000   Data          64  startup.o(.fixed_vectors)
    _printf_a                                0x00000000   Number         0  printfstubs.o ABSOLUTE
    _printf_c                                0x00000000   Number         0  printfstubs.o ABSOLUTE
    _printf_charcount                        0x00000000   Number         0  printfstubs.o ABSOLUTE
    _printf_d                                0x00000000   Number         0  printfstubs.o ABSOLUTE
    _printf_e                                0x00000000   Number         0  printfstubs.o ABSOLUTE
    _printf_f                                0x00000000   Number         0  printfstubs.o ABSOLUTE
    _printf_flags                            0x00000000   Number         0  printfstubs.o ABSOLUTE
    _printf_fp_dec                           0x00000000   Number         0  printfstubs.o ABSOLUTE
    _printf_fp_hex                           0x00000000   Number         0  printfstubs.o ABSOLUTE
    _printf_g                                0x00000000   Number         0  printfstubs.o ABSOLUTE
    _printf_i                                0x00000000   Number         0  printfstubs.o ABSOLUTE
    _printf_int_dec                          0x00000000   Number         0  printfstubs.o ABSOLUTE
    _printf_l                                0x00000000   Number         0  printfstubs.o ABSOLUTE
    _printf_lc                               0x00000000   Number         0  printfstubs.o ABSOLUTE
    _printf_ll                               0x00000000   Number         0  printfstubs.o ABSOLUTE
    _printf_lld                              0x00000000   Number         0  printfstubs.o ABSOLUTE
    _printf_lli                              0x00000000   Number         0  printfstubs.o ABSOLUTE
    _printf_llo                              0x00000000   Number         0  printfstubs.o ABSOLUTE
    _printf_llu                              0x00000000   Number         0  printfstubs.o ABSOLUTE
    _printf_llx                              0x00000000   Number         0  printfstubs.o ABSOLUTE
    _printf_longlong_dec                     0x00000000   Number         0  printfstubs.o ABSOLUTE
    _printf_longlong_hex                     0x00000000   Number         0  printfstubs.o ABSOLUTE
    _printf_longlong_oct                     0x00000000   Number         0  printfstubs.o ABSOLUTE
    _printf_ls                               0x00000000   Number         0  printfstubs.o ABSOLUTE
    _printf_mbtowc                           0x00000000   Number         0  printfstubs.o ABSOLUTE
    _printf_n                                0x00000000   Number         0  printfstubs.o ABSOLUTE
    _printf_o                                0x00000000   Number         0  printfstubs.o ABSOLUTE
    _printf_p                                0x00000000   Number         0  printfstubs.o ABSOLUTE
    _printf_percent                          0x00000000   Number         0  printfstubs.o ABSOLUTE
    _printf_pre_padding                      0x00000000   Number         0  printfstubs.o ABSOLUTE
    _printf_return_value                     0x00000000   Number         0  printfstubs.o ABSOLUTE
    _printf_s                                0x00000000   Number         0  printfstubs.o ABSOLUTE
    _printf_sizespec                         0x00000000   Number         0  printfstubs.o ABSOLUTE
    _printf_str                              0x00000000   Number         0  printfstubs.o ABSOLUTE
    _printf_truncate_signed                  0x00000000   Number         0  printfstubs.o ABSOLUTE
    _printf_truncate_unsigned                0x00000000   Number         0  printfstubs.o ABSOLUTE
    _printf_u                                0x00000000   Number         0  printfstubs.o ABSOLUTE
    _printf_wc                               0x00000000   Number         0  printfstubs.o ABSOLUTE
    _printf_wctomb                           0x00000000   Number         0  printfstubs.o ABSOLUTE
    _printf_widthprec                        0x00000000   Number         0  printfstubs.o ABSOLUTE
    _printf_x                                0x00000000   Number         0  printfstubs.o ABSOLUTE
    Image$$DATA$$Length                      0x00000014   Number         0  anon$$obj.o ABSOLUTE
    g_vector_table                           0x00000040   Data         384  vector_data.o(.application_vectors)
    Image$$INIT_ARRAY$$Base                  0x000001c0   Number         0  anon$$obj.o ABSOLUTE
    Image$$INIT_ARRAY$$Limit                 0x000001c0   Number         0  anon$$obj.o ABSOLUTE
    __aeabi_memcpy                           0x000001c1   Thumb Code    36  memcpya.o(.text)
    __aeabi_memcpy4                          0x000001c1   Thumb Code     0  memcpya.o(.text)
    __aeabi_memcpy8                          0x000001c1   Thumb Code     0  memcpya.o(.text)
    __aeabi_memset                           0x000001e5   Thumb Code    14  memseta.o(.text)
    __aeabi_memset4                          0x000001e5   Thumb Code     0  memseta.o(.text)
    __aeabi_memset8                          0x000001e5   Thumb Code     0  memseta.o(.text)
    __aeabi_memclr                           0x000001f3   Thumb Code     4  memseta.o(.text)
    __aeabi_memclr4                          0x000001f3   Thumb Code     0  memseta.o(.text)
    __aeabi_memclr8                          0x000001f3   Thumb Code     0  memseta.o(.text)
    _memset$wrapper                          0x000001f7   Thumb Code    18  memseta.o(.text)
    __aeabi_dadd                             0x00000209   Thumb Code   322  dadd.o(.text)
    Image$$BSS$$ZI$$Length                   0x000002d4   Number         0  anon$$obj.o ABSOLUTE
    __aeabi_dsub                             0x0000034b   Thumb Code     6  dadd.o(.text)
    __aeabi_drsub                            0x00000351   Thumb Code     6  dadd.o(.text)
    __aeabi_dmul                             0x00000357   Thumb Code   228  dmul.o(.text)
    __aeabi_ddiv                             0x0000043b   Thumb Code   222  ddiv.o(.text)
    __aeabi_ui2d                             0x00000519   Thumb Code    26  dfltui.o(.text)
    __aeabi_f2d                              0x00000533   Thumb Code    38  f2d.o(.text)
    __aeabi_d2f                              0x00000559   Thumb Code    56  d2f.o(.text)
    __aeabi_uidiv                            0x00000591   Thumb Code     0  uidiv.o(.text)
    __aeabi_uidivmod                         0x00000591   Thumb Code    44  uidiv.o(.text)
    __aeabi_uldivmod                         0x000005bd   Thumb Code    98  uldiv.o(.text)
    __aeabi_llsl                             0x0000061f   Thumb Code    30  llshl.o(.text)
    _ll_shift_l                              0x0000061f   Thumb Code     0  llshl.o(.text)
    __aeabi_lasr                             0x0000063d   Thumb Code    36  llsshr.o(.text)
    _ll_sshift_r                             0x0000063d   Thumb Code     0  llsshr.o(.text)
    __I$use$fp                               0x00000661   Thumb Code     0  iusefp.o(.text)
    _float_round                             0x00000661   Thumb Code    18  fepilogue.o(.text)
    _float_epilogue                          0x00000673   Thumb Code    92  fepilogue.o(.text)
    _double_round                            0x000006cf   Thumb Code    30  depilogue.o(.text)
    _double_epilogue                         0x000006ed   Thumb Code   156  depilogue.o(.text)
    __aeabi_d2ulz                            0x00000789   Thumb Code    48  dfixul.o(.text)
    __aeabi_cdrcmple                         0x000007b9   Thumb Code    48  cdrcmple.o(.text)
    __aeabi_llsr                             0x000007e9   Thumb Code    32  llushr.o(.text)
    _ll_ushift_r                             0x000007e9   Thumb Code     0  llushr.o(.text)
    ADCGetDevice                             0x00000903   Thumb Code    10  drv_adc.o(.text.ADCGetDevice)
    DHT11_Init                               0x0000090d   Thumb Code    34  bsp_dht11.o(.text.DHT11_Init)
    DHT11_Read                               0x00000931   Thumb Code   246  bsp_dht11.o(.text.DHT11_Read)
    DHT11_ReadByte                           0x00000a29   Thumb Code   104  bsp_dht11.o(.text.DHT11_ReadByte)
    BusFault_Handler                         0x00000a91   Thumb Code     4  startup.o(.text.Default_Handler)
    DebugMon_Handler                         0x00000a91   Thumb Code     4  startup.o(.text.Default_Handler)
    Default_Handler                          0x00000a91   Thumb Code     4  startup.o(.text.Default_Handler)
    HardFault_Handler                        0x00000a91   Thumb Code     4  startup.o(.text.Default_Handler)
    MemManage_Handler                        0x00000a91   Thumb Code     4  startup.o(.text.Default_Handler)
    PendSV_Handler                           0x00000a91   Thumb Code     4  startup.o(.text.Default_Handler)
    SVC_Handler                              0x00000a91   Thumb Code     4  startup.o(.text.Default_Handler)
    SecureFault_Handler                      0x00000a91   Thumb Code     4  startup.o(.text.Default_Handler)
    UsageFault_Handler                       0x00000a91   Thumb Code     4  startup.o(.text.Default_Handler)
    NMI_Handler                              0x00000a95   Thumb Code    68  bsp_group_irq.o(.text.NMI_Handler)
    R_ADC_Calibrate                          0x00000ad9   Thumb Code     4  r_adc.o(.text.R_ADC_Calibrate)
    R_ADC_CallbackSet                        0x00000add   Thumb Code    14  r_adc.o(.text.R_ADC_CallbackSet)
    R_ADC_Close                              0x00000aeb   Thumb Code   228  r_adc.o(.text.R_ADC_Close)
    R_ADC_InfoGet                            0x00000bd1   Thumb Code   116  r_adc.o(.text.R_ADC_InfoGet)
    R_ADC_OffsetSet                          0x00000c45   Thumb Code     4  r_adc.o(.text.R_ADC_OffsetSet)
    R_ADC_Open                               0x00000c49   Thumb Code   264  r_adc.o(.text.R_ADC_Open)
    R_ADC_Read                               0x00000d5d   Thumb Code    14  r_adc.o(.text.R_ADC_Read)
    R_ADC_Read32                             0x00000d6b   Thumb Code    24  r_adc.o(.text.R_ADC_Read32)
    R_ADC_ScanCfg                            0x00000d83   Thumb Code   468  r_adc.o(.text.R_ADC_ScanCfg)
    R_ADC_ScanGroupStart                     0x00000f57   Thumb Code     4  r_adc.o(.text.R_ADC_ScanGroupStart)
    R_ADC_ScanStart                          0x00000f5b   Thumb Code    10  r_adc.o(.text.R_ADC_ScanStart)
    R_ADC_ScanStop                           0x00000f65   Thumb Code    10  r_adc.o(.text.R_ADC_ScanStop)
    R_ADC_StatusGet                          0x00000f6f   Thumb Code    12  r_adc.o(.text.R_ADC_StatusGet)
    R_BSP_Init_RTC                           0x00000f7d   Thumb Code    88  bsp_clocks.o(.text.R_BSP_Init_RTC)
    R_BSP_RegisterProtectDisable             0x00000fd5   Thumb Code    78  bsp_register_protection.o(.text.R_BSP_RegisterProtectDisable)
    R_BSP_RegisterProtectEnable              0x00001023   Thumb Code    82  bsp_register_protection.o(.text.R_BSP_RegisterProtectEnable)
    R_BSP_SoftwareDelay                      0x00001075   Thumb Code    88  bsp_delay.o(.text.R_BSP_SoftwareDelay)
    R_BSP_SourceClockHzGet                   0x000010cd   Thumb Code    14  bsp_clocks.o(.text.R_BSP_SourceClockHzGet)
    R_BSP_SubClockStabilizeWaitAfterReset    0x000010db   Thumb Code     2  bsp_clocks.o(.text.R_BSP_SubClockStabilizeWaitAfterReset)
    R_BSP_WarmStart                          0x000010dd   Thumb Code    28  hal_entry.o(.text.R_BSP_WarmStart)
    R_IOPORT_Close                           0x000010f9   Thumb Code    10  r_ioport.o(.text.R_IOPORT_Close)
    R_IOPORT_Open                            0x00001103   Thumb Code    22  r_ioport.o(.text.R_IOPORT_Open)
    R_IOPORT_PinCfg                          0x00001119   Thumb Code   178  r_ioport.o(.text.R_IOPORT_PinCfg)
    R_IOPORT_PinEventInputRead               0x000011cb   Thumb Code    40  r_ioport.o(.text.R_IOPORT_PinEventInputRead)
    R_IOPORT_PinEventOutputWrite             0x000011f3   Thumb Code    82  r_ioport.o(.text.R_IOPORT_PinEventOutputWrite)
    R_IOPORT_PinRead                         0x00001245   Thumb Code    34  r_ioport.o(.text.R_IOPORT_PinRead)
    R_IOPORT_PinWrite                        0x00001267   Thumb Code    40  r_ioport.o(.text.R_IOPORT_PinWrite)
    R_IOPORT_PinsCfg                         0x0000128f   Thumb Code    12  r_ioport.o(.text.R_IOPORT_PinsCfg)
    R_IOPORT_PortDirectionSet                0x0000129b   Thumb Code    44  r_ioport.o(.text.R_IOPORT_PortDirectionSet)
    R_IOPORT_PortEventInputRead              0x000012c7   Thumb Code    24  r_ioport.o(.text.R_IOPORT_PortEventInputRead)
    R_IOPORT_PortEventOutputWrite            0x000012df   Thumb Code    32  r_ioport.o(.text.R_IOPORT_PortEventOutputWrite)
    R_IOPORT_PortRead                        0x000012ff   Thumb Code    22  r_ioport.o(.text.R_IOPORT_PortRead)
    R_IOPORT_PortWrite                       0x00001315   Thumb Code    32  r_ioport.o(.text.R_IOPORT_PortWrite)
    R_SCI_I2C_Abort                          0x00001335   Thumb Code    40  r_sci_i2c.o(.text.R_SCI_I2C_Abort)
    R_SCI_I2C_CallbackSet                    0x0000135d   Thumb Code    14  r_sci_i2c.o(.text.R_SCI_I2C_CallbackSet)
    R_SCI_I2C_Close                          0x0000136b   Thumb Code    86  r_sci_i2c.o(.text.R_SCI_I2C_Close)
    R_SCI_I2C_Open                           0x000013c1   Thumb Code   348  r_sci_i2c.o(.text.R_SCI_I2C_Open)
    R_SCI_I2C_Read                           0x0000151d   Thumb Code    16  r_sci_i2c.o(.text.R_SCI_I2C_Read)
    R_SCI_I2C_SlaveAddressSet                0x0000152d   Thumb Code    10  r_sci_i2c.o(.text.R_SCI_I2C_SlaveAddressSet)
    R_SCI_I2C_StatusGet                      0x00001537   Thumb Code    24  r_sci_i2c.o(.text.R_SCI_I2C_StatusGet)
    R_SCI_I2C_Write                          0x0000154f   Thumb Code    16  r_sci_i2c.o(.text.R_SCI_I2C_Write)
    R_SCI_UART_Abort                         0x0000155f   Thumb Code    34  r_sci_uart.o(.text.R_SCI_UART_Abort)
    R_SCI_UART_BaudSet                       0x00001581   Thumb Code    80  r_sci_uart.o(.text.R_SCI_UART_BaudSet)
    R_SCI_UART_CallbackSet                   0x000015d1   Thumb Code    14  r_sci_uart.o(.text.R_SCI_UART_CallbackSet)
    R_SCI_UART_Close                         0x000015df   Thumb Code   166  r_sci_uart.o(.text.R_SCI_UART_Close)
    R_SCI_UART_InfoGet                       0x00001685   Thumb Code    12  r_sci_uart.o(.text.R_SCI_UART_InfoGet)
    R_SCI_UART_Open                          0x00001691   Thumb Code   798  r_sci_uart.o(.text.R_SCI_UART_Open)
    R_SCI_UART_Read                          0x000019af   Thumb Code    10  r_sci_uart.o(.text.R_SCI_UART_Read)
    R_SCI_UART_ReadStop                      0x000019b9   Thumb Code    14  r_sci_uart.o(.text.R_SCI_UART_ReadStop)
    R_SCI_UART_Write                         0x000019c7   Thumb Code    76  r_sci_uart.o(.text.R_SCI_UART_Write)
    Reset_Handler                            0x00001a15   Thumb Code    10  startup.o(.text.Reset_Handler)
    SysTick_Handler                          0x00001a1f   Thumb Code    16  hal_systick.o(.text.SysTick_Handler)
    SystemCoreClockUpdate                    0x00001a2f   Thumb Code    44  bsp_clocks.o(.text.SystemCoreClockUpdate)
    SystemInit                               0x00001a5d   Thumb Code   240  system.o(.text.SystemInit)
    SystickInit                              0x00001b4d   Thumb Code    70  hal_systick.o(.text.SystickInit)
    UARTDrvInit                              0x00001b95   Thumb Code    36  drv_uart.o(.text.UARTDrvInit)
    __aeabi_assert                           0x00001bdd   Thumb Code     6  bsp_common.o(.text.__aeabi_assert)
    bsp_clock_init                           0x00001be5   Thumb Code   298  bsp_clocks.o(.text.bsp_clock_init)
    bsp_init                                 0x00001d0f   Thumb Code     2  bsp_common.o(.text.bsp_init_internal)
    bsp_init_internal                        0x00001d0f   Thumb Code     2  bsp_common.o(.text.bsp_init_internal)
    bsp_irq_cfg                              0x00001d11   Thumb Code   150  bsp_irq.o(.text.bsp_irq_cfg)
    bsp_prv_software_delay_loop              0x00001da7   Thumb Code     8  bsp_delay.o(.text.bsp_prv_software_delay_loop)
    fputc                                    0x00001e45   Thumb Code    74  drv_uart.o(.text.fputc)
    hal_entry                                0x00001e91   Thumb Code   600  hal_entry.o(.text.hal_entry)
    main                                     0x000021ad   Thumb Code    10  main.o(.text.main)
    sci_i2c2_master_callback                 0x00002311   Thumb Code    36  hal_entry.o(.text.sci_i2c2_master_callback)
    sci_i2c_tei_isr                          0x000023cb   Thumb Code   278  r_sci_i2c.o(.text.sci_i2c_tei_isr)
    sci_i2c_txi_isr                          0x000024e1   Thumb Code   290  r_sci_i2c.o(.text.sci_i2c_txi_isr)
    sci_uart7_callback                       0x00002603   Thumb Code    22  drv_uart.o(.text.sci_uart7_callback)
    sci_uart_eri_isr                         0x00002619   Thumb Code   106  r_sci_uart.o(.text.sci_uart_eri_isr)
    sci_uart_rxi_isr                         0x00002683   Thumb Code   136  r_sci_uart.o(.text.sci_uart_rxi_isr)
    sci_uart_tei_isr                         0x0000270b   Thumb Code    74  r_sci_uart.o(.text.sci_uart_tei_isr)
    sci_uart_txi_isr                         0x00002755   Thumb Code   136  r_sci_uart.o(.text.sci_uart_txi_isr)
    __0printf                                0x000027dd   Thumb Code    22  printfa.o(i.__0printf)
    __1printf                                0x000027dd   Thumb Code     0  printfa.o(i.__0printf)
    __2printf                                0x000027dd   Thumb Code     0  printfa.o(i.__0printf)
    __c89printf                              0x000027dd   Thumb Code     0  printfa.o(i.__0printf)
    printf                                   0x000027dd   Thumb Code     0  printfa.o(i.__0printf)
    puts                                     0x000030b1   Thumb Code    30  puts.o(i.puts)
    g_adc5                                   0x000030dc   Data          16  hal_data.o(.rodata.g_adc5)
    g_adc5_cfg                               0x000030ec   Data          48  hal_data.o(.rodata.g_adc5_cfg)
    g_adc5_cfg_extend                        0x0000311c   Data          36  hal_data.o(.rodata.g_adc5_cfg_extend)
    g_adc5_channel_cfg                       0x00003140   Data          24  hal_data.o(.rodata.g_adc5_channel_cfg)
    g_adc_on_adc                             0x00003158   Data          52  r_adc.o(.rodata.g_adc_on_adc)
    g_bsp_pin_cfg                            0x0000318c   Data          12  pin_data.o(.rodata.g_bsp_pin_cfg)
    g_bsp_pin_cfg_data                       0x00003198   Data         104  pin_data.o(.rodata.g_bsp_pin_cfg_data)
    g_i2c2                                   0x00003200   Data          12  hal_data.o(.rodata.g_i2c2)
    g_i2c2_cfg                               0x0000320c   Data          56  hal_data.o(.rodata.g_i2c2_cfg)
    g_i2c2_cfg_extend                        0x00003244   Data           6  hal_data.o(.rodata.g_i2c2_cfg_extend)
    g_i2c_master_on_sci                      0x0000324c   Data          32  r_sci_i2c.o(.rodata.g_i2c_master_on_sci)
    g_interrupt_event_link_select            0x0000326c   Data         384  vector_data.o(.rodata.g_interrupt_event_link_select)
    g_ioport                                 0x000033ec   Data          12  common_data.o(.rodata.g_ioport)
    g_ioport_on_ioport                       0x000033f8   Data          52  r_ioport.o(.rodata.g_ioport_on_ioport)
    g_uart7                                  0x0000342c   Data          12  hal_data.o(.rodata.g_uart7)
    g_uart7_cfg                              0x00003438   Data          68  hal_data.o(.rodata.g_uart7_cfg)
    g_uart7_cfg_extend                       0x0000347c   Data          40  hal_data.o(.rodata.g_uart7_cfg_extend)
    g_uart_on_sci                            0x000034a4   Data          36  r_sci_uart.o(.rodata.g_uart_on_sci)
    gp_start_of_nonsecure_callable_flash     0x000034c8   Data           4  bsp_security.o(.rodata.gp_start_of_nonsecure_callable_flash)
    gp_start_of_nonsecure_callable_ram       0x000034cc   Data           4  bsp_security.o(.rodata.gp_start_of_nonsecure_callable_ram)
    gp_start_of_nonsecure_data_flash         0x000034d0   Data           4  bsp_security.o(.rodata.gp_start_of_nonsecure_data_flash)
    gp_start_of_nonsecure_flash              0x000034d4   Data           4  bsp_security.o(.rodata.gp_start_of_nonsecure_flash)
    gp_start_of_nonsecure_ram                0x000034d8   Data           4  bsp_security.o(.rodata.gp_start_of_nonsecure_ram)
    gp_start_of_secure_data_flash            0x000034dc   Data           4  bsp_security.o(.rodata.gp_start_of_secure_data_flash)
    gp_start_of_secure_flash                 0x000034e0   Data           4  bsp_security.o(.rodata.gp_start_of_secure_flash)
    gp_start_of_secure_ram                   0x000034e4   Data           4  bsp_security.o(.rodata.gp_start_of_secure_ram)
    Load$$DATA$$Base                         0x00003594   Number         0  anon$$obj.o ABSOLUTE
    Image$$__tz_FLASH_C$$Base                0x00004000   Number         0  anon$$obj.o ABSOLUTE
    Image$$__tz_FLASH_N$$Base                0x00008000   Number         0  anon$$obj.o ABSOLUTE
    Image$$__tz_DATA_FLASH_N$$Base           0x08000000   Number         0  anon$$obj.o ABSOLUTE
    Image$$__tz_DATA_FLASH_S$$Base           0x08000000   Number         0  anon$$obj.o ABSOLUTE
    Image$$DATA$$Base                        0x20000000   Number         0  anon$$obj.o ABSOLUTE
    Image$$__tz_RAM_S$$Base                  0x20000000   Number         0  anon$$obj.o ABSOLUTE
    g_uart7_baud_setting                     0x20000010   Data           4  hal_data.o(.data.g_uart7_baud_setting)
    Image$$BSS$$ZI$$Base                     0x20000014   Number         0  anon$$obj.o ABSOLUTE
    SystemCoreClock                          0x20000014   Data           4  system.o(.bss.SystemCoreClock)
    __stdout                                 0x20000018   Data          84  drv_uart.o(.bss.__stdout)
    g_adc5_ctrl                              0x20000074   Data          36  hal_data.o(.bss.g_adc5_ctrl)
    g_bsp_group_irq_sources                  0x20000098   Data          64  bsp_group_irq.o(.bss.g_bsp_group_irq_sources)
    g_i2c2_ctrl                              0x200000d8   Data          72  hal_data.o(.bss.g_i2c2_ctrl)
    g_ioport_ctrl                            0x20000120   Data           8  common_data.o(.bss.g_ioport_ctrl)
    g_protect_counters                       0x20000128   Data           8  bsp_register_protection.o(.bss.g_protect_counters)
    g_protect_pfswe_counter                  0x20000130   Data           4  bsp_io.o(.bss.g_protect_pfswe_counter)
    g_uart7_ctrl                             0x20000134   Data          48  hal_data.o(.bss.g_uart7_ctrl)
    gp_renesas_isr_context                   0x20000164   Data         384  bsp_irq.o(.bss.gp_renesas_isr_context)
    humdity_decimal                          0x200002e4   Data           1  hal_entry.o(.bss.humdity_decimal)
    humdity_integer                          0x200002e5   Data           1  hal_entry.o(.bss.humdity_integer)
    temp_decimal                             0x200002e6   Data           1  hal_entry.o(.bss.temp_decimal)
    temp_integer                             0x200002e7   Data           1  hal_entry.o(.bss.temp_integer)
    Image$$__tz_RAM_C$$Base                  0x20080000   Number         0  anon$$obj.o ABSOLUTE
    Image$$__tz_RAM_N$$Base                  0x20080000   Number         0  anon$$obj.o ABSOLUTE



==============================================================================

Memory Map of the image

  Image Entry point : 0x00001a15

  Load Region LOAD_REGION_FLASH (Base: 0x00000000, Size: 0x000035a8, Max: 0x00100000, ABSOLUTE)

    Execution Region __tz_FLASH_S (Exec base: 0x00000000, Load base: 0x00000000, Size: 0x00000000, Max: 0x00000000, ABSOLUTE)

    Exec Addr    Load Addr    Size         Type   Attr      Idx    E Section Name        Object

    0x00000000        -       0x00000000   Zero   RW            1    __tz_FLASH_S.bss    anon$$obj.o


    Execution Region VECTORS (Exec base: 0x00000000, Load base: 0x00000000, Size: 0x000001c0, Max: 0xffffffff, ABSOLUTE, FIXED)

    Exec Addr    Load Addr    Size         Type   Attr      Idx    E Section Name        Object

    0x00000000   0x00000000   0x00000040   Data   RO          140    .fixed_vectors      startup.o
    0x00000040   0x00000040   0x00000180   Data   RO          513    .application_vectors  vector_data.o


    Execution Region MCUBOOT_SCE9_KEY (Exec base: 0x000001c0, Load base: 0x000001c0, Size: 0x00000000, Max: 0xffffffff, ABSOLUTE, FIXED)

    **** No section assigned to this execution region ****


    Execution Region INIT_ARRAY (Exec base: 0x000001c0, Load base: 0x000001c0, Size: 0x00000000, Max: 0xffffffff, ABSOLUTE, FIXED)

    **** No section assigned to this execution region ****


    Execution Region USB_DESC_FS (Exec base: 0x000001c0, Load base: 0x000001c0, Size: 0x00000000, Max: 0xffffffff, ABSOLUTE, FIXED)

    **** No section assigned to this execution region ****


    Execution Region RO_CODE_DATA (Exec base: 0x000001c0, Load base: 0x000001c0, Size: 0x000033d4, Max: 0xffffffff, ABSOLUTE, FIXED)

    Exec Addr    Load Addr    Size         Type   Attr      Idx    E Section Name        Object

    0x000001c0   0x000001c0   0x00000024   Code   RO          527    .text               mc_w.l(memcpya.o)
    0x000001e4   0x000001e4   0x00000024   Code   RO          529    .text               mc_w.l(memseta.o)
    0x00000208   0x00000208   0x0000014e   Code   RO          794    .text               mf_w.l(dadd.o)
    0x00000356   0x00000356   0x000000e4   Code   RO          796    .text               mf_w.l(dmul.o)
    0x0000043a   0x0000043a   0x000000de   Code   RO          798    .text               mf_w.l(ddiv.o)
    0x00000518   0x00000518   0x0000001a   Code   RO          800    .text               mf_w.l(dfltui.o)
    0x00000532   0x00000532   0x00000026   Code   RO          802    .text               mf_w.l(f2d.o)
    0x00000558   0x00000558   0x00000038   Code   RO          804    .text               mf_w.l(d2f.o)
    0x00000590   0x00000590   0x0000002c   Code   RO          815    .text               mc_w.l(uidiv.o)
    0x000005bc   0x000005bc   0x00000062   Code   RO          817    .text               mc_w.l(uldiv.o)
    0x0000061e   0x0000061e   0x0000001e   Code   RO          819    .text               mc_w.l(llshl.o)
    0x0000063c   0x0000063c   0x00000024   Code   RO          821    .text               mc_w.l(llsshr.o)
    0x00000660   0x00000660   0x00000000   Code   RO          823    .text               mc_w.l(iusefp.o)
    0x00000660   0x00000660   0x0000006e   Code   RO          824    .text               mf_w.l(fepilogue.o)
    0x000006ce   0x000006ce   0x000000ba   Code   RO          826    .text               mf_w.l(depilogue.o)
    0x00000788   0x00000788   0x00000030   Code   RO          828    .text               mf_w.l(dfixul.o)
    0x000007b8   0x000007b8   0x00000030   Code   RO          830    .text               mf_w.l(cdrcmple.o)
    0x000007e8   0x000007e8   0x00000020   Code   RO          832    .text               mc_w.l(llushr.o)
    0x00000808   0x00000808   0x00000060   Code   RO           50    .text.ADCDrvInit    drv_adc.o
    0x00000868   0x00000868   0x0000009a   Code   RO           52    .text.ADCDrvRead    drv_adc.o
    0x00000902   0x00000902   0x0000000a   Code   RO           48    .text.ADCGetDevice  drv_adc.o
    0x0000090c   0x0000090c   0x00000022   Code   RO          121    .text.DHT11_Init    bsp_dht11.o
    0x0000092e   0x0000092e   0x00000002   PAD
    0x00000930   0x00000930   0x000000f6   Code   RO          125    .text.DHT11_Read    bsp_dht11.o
    0x00000a26   0x00000a26   0x00000002   PAD
    0x00000a28   0x00000a28   0x00000068   Code   RO          123    .text.DHT11_ReadByte  bsp_dht11.o
    0x00000a90   0x00000a90   0x00000004   Code   RO          137    .text.Default_Handler  startup.o
    0x00000a94   0x00000a94   0x00000044   Code   RO          223    .text.NMI_Handler   bsp_group_irq.o
    0x00000ad8   0x00000ad8   0x00000004   Code   RO          321    .text.R_ADC_Calibrate  r_adc.o
    0x00000adc   0x00000adc   0x0000000e   Code   RO          325    .text.R_ADC_CallbackSet  r_adc.o
    0x00000aea   0x00000aea   0x000000e4   Code   RO          327    .text.R_ADC_Close   r_adc.o
    0x00000bce   0x00000bce   0x00000002   PAD
    0x00000bd0   0x00000bd0   0x00000074   Code   RO          329    .text.R_ADC_InfoGet  r_adc.o
    0x00000c44   0x00000c44   0x00000004   Code   RO          323    .text.R_ADC_OffsetSet  r_adc.o
    0x00000c48   0x00000c48   0x00000114   Code   RO          305    .text.R_ADC_Open    r_adc.o
    0x00000d5c   0x00000d5c   0x0000000e   Code   RO          317    .text.R_ADC_Read    r_adc.o
    0x00000d6a   0x00000d6a   0x00000018   Code   RO          319    .text.R_ADC_Read32  r_adc.o
    0x00000d82   0x00000d82   0x000001d4   Code   RO          307    .text.R_ADC_ScanCfg  r_adc.o
    0x00000f56   0x00000f56   0x00000004   Code   RO          311    .text.R_ADC_ScanGroupStart  r_adc.o
    0x00000f5a   0x00000f5a   0x0000000a   Code   RO          309    .text.R_ADC_ScanStart  r_adc.o
    0x00000f64   0x00000f64   0x0000000a   Code   RO          313    .text.R_ADC_ScanStop  r_adc.o
    0x00000f6e   0x00000f6e   0x0000000c   Code   RO          315    .text.R_ADC_StatusGet  r_adc.o
    0x00000f7a   0x00000f7a   0x00000002   PAD
    0x00000f7c   0x00000f7c   0x00000058   Code   RO          181    .text.R_BSP_Init_RTC  bsp_clocks.o
    0x00000fd4   0x00000fd4   0x0000004e   Code   RO          255    .text.R_BSP_RegisterProtectDisable  bsp_register_protection.o
    0x00001022   0x00001022   0x00000052   Code   RO          253    .text.R_BSP_RegisterProtectEnable  bsp_register_protection.o
    0x00001074   0x00001074   0x00000058   Code   RO          209    .text.R_BSP_SoftwareDelay  bsp_delay.o
    0x000010cc   0x000010cc   0x0000000e   Code   RO          179    .text.R_BSP_SourceClockHzGet  bsp_clocks.o
    0x000010da   0x000010da   0x00000002   Code   RO          175    .text.R_BSP_SubClockStabilizeWaitAfterReset  bsp_clocks.o
    0x000010dc   0x000010dc   0x0000001c   Code   RO          103    .text.R_BSP_WarmStart  hal_entry.o
    0x000010f8   0x000010f8   0x0000000a   Code   RO          354    .text.R_IOPORT_Close  r_ioport.o
    0x00001102   0x00001102   0x00000016   Code   RO          352    .text.R_IOPORT_Open  r_ioport.o
    0x00001118   0x00001118   0x000000b2   Code   RO          358    .text.R_IOPORT_PinCfg  r_ioport.o
    0x000011ca   0x000011ca   0x00000028   Code   RO          360    .text.R_IOPORT_PinEventInputRead  r_ioport.o
    0x000011f2   0x000011f2   0x00000052   Code   RO          362    .text.R_IOPORT_PinEventOutputWrite  r_ioport.o
    0x00001244   0x00001244   0x00000022   Code   RO          364    .text.R_IOPORT_PinRead  r_ioport.o
    0x00001266   0x00001266   0x00000028   Code   RO          366    .text.R_IOPORT_PinWrite  r_ioport.o
    0x0000128e   0x0000128e   0x0000000c   Code   RO          356    .text.R_IOPORT_PinsCfg  r_ioport.o
    0x0000129a   0x0000129a   0x0000002c   Code   RO          368    .text.R_IOPORT_PortDirectionSet  r_ioport.o
    0x000012c6   0x000012c6   0x00000018   Code   RO          370    .text.R_IOPORT_PortEventInputRead  r_ioport.o
    0x000012de   0x000012de   0x00000020   Code   RO          372    .text.R_IOPORT_PortEventOutputWrite  r_ioport.o
    0x000012fe   0x000012fe   0x00000016   Code   RO          374    .text.R_IOPORT_PortRead  r_ioport.o
    0x00001314   0x00001314   0x00000020   Code   RO          376    .text.R_IOPORT_PortWrite  r_ioport.o
    0x00001334   0x00001334   0x00000028   Code   RO          397    .text.R_SCI_I2C_Abort  r_sci_i2c.o
    0x0000135c   0x0000135c   0x0000000e   Code   RO          401    .text.R_SCI_I2C_CallbackSet  r_sci_i2c.o
    0x0000136a   0x0000136a   0x00000056   Code   RO          405    .text.R_SCI_I2C_Close  r_sci_i2c.o
    0x000013c0   0x000013c0   0x0000015c   Code   RO          391    .text.R_SCI_I2C_Open  r_sci_i2c.o
    0x0000151c   0x0000151c   0x00000010   Code   RO          393    .text.R_SCI_I2C_Read  r_sci_i2c.o
    0x0000152c   0x0000152c   0x0000000a   Code   RO          399    .text.R_SCI_I2C_SlaveAddressSet  r_sci_i2c.o
    0x00001536   0x00001536   0x00000018   Code   RO          403    .text.R_SCI_I2C_StatusGet  r_sci_i2c.o
    0x0000154e   0x0000154e   0x00000010   Code   RO          395    .text.R_SCI_I2C_Write  r_sci_i2c.o
    0x0000155e   0x0000155e   0x00000022   Code   RO          434    .text.R_SCI_UART_Abort  r_sci_uart.o
    0x00001580   0x00001580   0x00000050   Code   RO          430    .text.R_SCI_UART_BaudSet  r_sci_uart.o
    0x000015d0   0x000015d0   0x0000000e   Code   RO          436    .text.R_SCI_UART_CallbackSet  r_sci_uart.o
    0x000015de   0x000015de   0x000000a6   Code   RO          438    .text.R_SCI_UART_Close  r_sci_uart.o
    0x00001684   0x00001684   0x0000000c   Code   RO          432    .text.R_SCI_UART_InfoGet  r_sci_uart.o
    0x00001690   0x00001690   0x0000031e   Code   RO          424    .text.R_SCI_UART_Open  r_sci_uart.o
    0x000019ae   0x000019ae   0x0000000a   Code   RO          426    .text.R_SCI_UART_Read  r_sci_uart.o
    0x000019b8   0x000019b8   0x0000000e   Code   RO          440    .text.R_SCI_UART_ReadStop  r_sci_uart.o
    0x000019c6   0x000019c6   0x0000004c   Code   RO          428    .text.R_SCI_UART_Write  r_sci_uart.o
    0x00001a12   0x00001a12   0x00000002   PAD
    0x00001a14   0x00001a14   0x0000000a   Code   RO          135  * .text.Reset_Handler  startup.o
    0x00001a1e   0x00001a1e   0x00000010   Code   RO           82    .text.SysTick_Handler  hal_systick.o
    0x00001a2e   0x00001a2e   0x0000002c   Code   RO          165    .text.SystemCoreClockUpdate  bsp_clocks.o
    0x00001a5a   0x00001a5a   0x00000002   PAD
    0x00001a5c   0x00001a5c   0x000000f0   Code   RO          148    .text.SystemInit    system.o
    0x00001b4c   0x00001b4c   0x00000046   Code   RO           80    .text.SystickInit   hal_systick.o
    0x00001b92   0x00001b92   0x00000002   PAD
    0x00001b94   0x00001b94   0x00000048   Code   RO           64    .text.UARTDrvInit   drv_uart.o
    0x00001bdc   0x00001bdc   0x00000006   Code   RO          196    .text.__aeabi_assert  bsp_common.o
    0x00001be2   0x00001be2   0x00000002   PAD
    0x00001be4   0x00001be4   0x0000012a   Code   RO          171    .text.bsp_clock_init  bsp_clocks.o
    0x00001d0e   0x00001d0e   0x00000002   Code   RO          192    .text.bsp_init_internal  bsp_common.o
    0x00001d10   0x00001d10   0x00000096   Code   RO          241    .text.bsp_irq_cfg   bsp_irq.o
    0x00001da6   0x00001da6   0x00000008   Code   RO          211    .text.bsp_prv_software_delay_loop  bsp_delay.o
    0x00001dae   0x00001dae   0x00000002   PAD
    0x00001db0   0x00001db0   0x00000094   Code   RO          380    .text.bsp_vbatt_init  r_ioport.o
    0x00001e44   0x00001e44   0x0000004a   Code   RO           68    .text.fputc         drv_uart.o
    0x00001e8e   0x00001e8e   0x00000002   PAD
    0x00001e90   0x00001e90   0x0000031c   Code   RO          101    .text.hal_entry     hal_entry.o
    0x000021ac   0x000021ac   0x0000000a   Code   RO          497    .text.main          main.o
    0x000021b6   0x000021b6   0x00000058   Code   RO          331    .text.r_adc_irq_enable  r_adc.o
    0x0000220e   0x0000220e   0x00000002   PAD
    0x00002210   0x00002210   0x000000c0   Code   RO          378    .text.r_ioport_pins_config  r_ioport.o
    0x000022d0   0x000022d0   0x00000040   Code   RO          446    .text.r_sci_uart_call_callback  r_sci_uart.o
    0x00002310   0x00002310   0x00000024   Code   RO           97    .text.sci_i2c2_master_callback  hal_entry.o
    0x00002334   0x00002334   0x00000096   Code   RO          407    .text.sci_i2c_read_write  r_sci_i2c.o
    0x000023ca   0x000023ca   0x00000116   Code   RO          413    .text.sci_i2c_tei_isr  r_sci_i2c.o
    0x000024e0   0x000024e0   0x00000122   Code   RO          411    .text.sci_i2c_txi_isr  r_sci_i2c.o
    0x00002602   0x00002602   0x00000016   Code   RO           66    .text.sci_uart7_callback  drv_uart.o
    0x00002618   0x00002618   0x0000006a   Code   RO          452    .text.sci_uart_eri_isr  r_sci_uart.o
    0x00002682   0x00002682   0x00000088   Code   RO          448    .text.sci_uart_rxi_isr  r_sci_uart.o
    0x0000270a   0x0000270a   0x0000004a   Code   RO          450    .text.sci_uart_tei_isr  r_sci_uart.o
    0x00002754   0x00002754   0x00000088   Code   RO          444    .text.sci_uart_txi_isr  r_sci_uart.o
    0x000027dc   0x000027dc   0x00000020   Code   RO          766    i.__0printf         mc_w.l(printfa.o)
    0x000027fc   0x000027fc   0x00000184   Code   RO          773    i._fp_digits        mc_w.l(printfa.o)
    0x00002980   0x00002980   0x000006dc   Code   RO          774    i._printf_core      mc_w.l(printfa.o)
    0x0000305c   0x0000305c   0x00000024   Code   RO          775    i._printf_post_padding  mc_w.l(printfa.o)
    0x00003080   0x00003080   0x0000002e   Code   RO          776    i._printf_pre_padding  mc_w.l(printfa.o)
    0x000030ae   0x000030ae   0x00000002   PAD
    0x000030b0   0x000030b0   0x00000024   Code   RO          521    i.puts              mc_w.l(puts.o)
    0x000030d4   0x000030d4   0x00000008   Data   RO          258    .rodata.cst8        bsp_register_protection.o
    0x000030dc   0x000030dc   0x00000010   Data   RO          485    .rodata.g_adc5      hal_data.o
    0x000030ec   0x000030ec   0x00000030   Data   RO          482    .rodata.g_adc5_cfg  hal_data.o
    0x0000311c   0x0000311c   0x00000024   Data   RO          481    .rodata.g_adc5_cfg_extend  hal_data.o
    0x00003140   0x00003140   0x00000018   Data   RO          483    .rodata.g_adc5_channel_cfg  hal_data.o
    0x00003158   0x00003158   0x00000034   Data   RO          343    .rodata.g_adc_on_adc  r_adc.o
    0x0000318c   0x0000318c   0x0000000c   Data   RO          507    .rodata.g_bsp_pin_cfg  pin_data.o
    0x00003198   0x00003198   0x00000068   Data   RO          506    .rodata.g_bsp_pin_cfg_data  pin_data.o
    0x00003200   0x00003200   0x0000000c   Data   RO          480    .rodata.g_i2c2      hal_data.o
    0x0000320c   0x0000320c   0x00000038   Data   RO          478    .rodata.g_i2c2_cfg  hal_data.o
    0x00003244   0x00003244   0x00000006   Data   RO          477    .rodata.g_i2c2_cfg_extend  hal_data.o
    0x0000324a   0x0000324a   0x00000002   PAD
    0x0000324c   0x0000324c   0x00000020   Data   RO          415    .rodata.g_i2c_master_on_sci  r_sci_i2c.o
    0x0000326c   0x0000326c   0x00000180   Data   RO          514    .rodata.g_interrupt_event_link_select  vector_data.o
    0x000033ec   0x000033ec   0x0000000c   Data   RO          468    .rodata.g_ioport    common_data.o
    0x000033f8   0x000033f8   0x00000034   Data   RO          382    .rodata.g_ioport_on_ioport  r_ioport.o
    0x0000342c   0x0000342c   0x0000000c   Data   RO          490    .rodata.g_uart7     hal_data.o
    0x00003438   0x00003438   0x00000044   Data   RO          488    .rodata.g_uart7_cfg  hal_data.o
    0x0000347c   0x0000347c   0x00000028   Data   RO          487    .rodata.g_uart7_cfg_extend  hal_data.o
    0x000034a4   0x000034a4   0x00000024   Data   RO          454    .rodata.g_uart_on_sci  r_sci_uart.o
    0x000034c8   0x000034c8   0x00000004   Data   RO          293    .rodata.gp_start_of_nonsecure_callable_flash  bsp_security.o
    0x000034cc   0x000034cc   0x00000004   Data   RO          296    .rodata.gp_start_of_nonsecure_callable_ram  bsp_security.o
    0x000034d0   0x000034d0   0x00000004   Data   RO          298    .rodata.gp_start_of_nonsecure_data_flash  bsp_security.o
    0x000034d4   0x000034d4   0x00000004   Data   RO          292    .rodata.gp_start_of_nonsecure_flash  bsp_security.o
    0x000034d8   0x000034d8   0x00000004   Data   RO          295    .rodata.gp_start_of_nonsecure_ram  bsp_security.o
    0x000034dc   0x000034dc   0x00000004   Data   RO          299    .rodata.gp_start_of_secure_data_flash  bsp_security.o
    0x000034e0   0x000034e0   0x00000004   Data   RO          294    .rodata.gp_start_of_secure_flash  bsp_security.o
    0x000034e4   0x000034e4   0x00000004   Data   RO          297    .rodata.gp_start_of_secure_ram  bsp_security.o
    0x000034e8   0x000034e8   0x0000002a   Data   RO           55    .rodata.str1.1      drv_adc.o
    0x00003512   0x00003512   0x00000032   Data   RO          109    .rodata.str1.1      hal_entry.o
    0x00003544   0x00003544   0x00000004   Data   RO          198    .version            bsp_common.o
    0x00003548   0x00003548   0x00000006   Data   RO          199    .version            bsp_common.o
    0x0000354e   0x0000354e   0x00000044   Data   RO          200    .version            bsp_common.o


    Execution Region __tz_RAM_S (Exec base: 0x20000000, Load base: 0x00003594, Size: 0x00000000, Max: 0x00000000, ABSOLUTE)

    Exec Addr    Load Addr    Size         Type   Attr      Idx    E Section Name        Object

    0x20000000        -       0x00000000   Zero   RW            2    __tz_RAM_S.bss      anon$$obj.o


    Execution Region DTC_VECTOR_TABLE (Exec base: 0x20000000, Load base: 0x00003594, Size: 0x00000000, Max: 0x00080000, ABSOLUTE, UNINIT)

    **** No section assigned to this execution region ****


    Execution Region DATA (Exec base: 0x20000000, Load base: 0x00003594, Size: 0x00000014, Max: 0xffffffff, ABSOLUTE)

    Exec Addr    Load Addr    Size         Type   Attr      Idx    E Section Name        Object

    0x20000000   0x00003594   0x00000010   Data   RW           54    .data.gAdcDev       drv_adc.o
    0x20000010   0x000035a4   0x00000004   Data   RW          486    .data.g_uart7_baud_setting  hal_data.o


    Execution Region BSS (Exec base: 0x20000014, Load base: 0x000035a8, Size: 0x000002d4, Max: 0xffffffff, ABSOLUTE)

    Exec Addr    Load Addr    Size         Type   Attr      Idx    E Section Name        Object

    0x20000014        -       0x00000004   Zero   RW          152    .bss.SystemCoreClock  system.o
    0x20000018        -       0x00000054   Zero   RW           71    .bss.__stdout       drv_uart.o
    0x2000006c        -       0x00000004   Zero   RW           88    .bss.dwTick         hal_systick.o
    0x20000070        -       0x00000001   Zero   RW          105    .bss.gI2CRxCplt     hal_entry.o
    0x20000071        -       0x00000001   Zero   RW          106    .bss.gI2CTxCplt     hal_entry.o
    0x20000072        -       0x00000001   Zero   RW           70    .bss.gUartTxCplt    drv_uart.o
    0x20000073   0x000035a8   0x00000001   PAD
    0x20000074        -       0x00000024   Zero   RW          484    .bss.g_adc5_ctrl    hal_data.o
    0x20000098        -       0x00000040   Zero   RW          225    .bss.g_bsp_group_irq_sources  bsp_group_irq.o
    0x200000d8        -       0x00000048   Zero   RW          479    .bss.g_i2c2_ctrl    hal_data.o
    0x20000120        -       0x00000008   Zero   RW          467    .bss.g_ioport_ctrl  common_data.o
    0x20000128        -       0x00000008   Zero   RW          257    .bss.g_protect_counters  bsp_register_protection.o
    0x20000130        -       0x00000004   Zero   RW          235    .bss.g_protect_pfswe_counter  bsp_io.o
    0x20000134        -       0x00000030   Zero   RW          489    .bss.g_uart7_ctrl   hal_data.o
    0x20000164        -       0x00000180   Zero   RW          244    .bss.gp_renesas_isr_context  bsp_irq.o
    0x200002e4        -       0x00000001   Zero   RW          110    .bss.humdity_decimal  hal_entry.o
    0x200002e5        -       0x00000001   Zero   RW          107    .bss.humdity_integer  hal_entry.o
    0x200002e6        -       0x00000001   Zero   RW          111    .bss.temp_decimal   hal_entry.o
    0x200002e7        -       0x00000001   Zero   RW          108    .bss.temp_integer   hal_entry.o


    Execution Region NOINIT (Exec base: 0x200002e8, Load base: 0x000035a8, Size: 0x0000001c, Max: 0xffffffff, ABSOLUTE, UNINIT)

    Exec Addr    Load Addr    Size         Type   Attr      Idx    E Section Name        Object

    0x200002e8        -       0x0000001c   Zero   RW          183    .bss.noinit         bsp_clocks.o


    Execution Region ARM_LIB_HEAP (Exec base: 0x20000308, Load base: 0x000035a8, Size: 0x00000000, Max: 0xffffffff, ABSOLUTE, UNINIT)

    **** No section assigned to this execution region ****


    Execution Region ARM_LIB_STACK (Exec base: 0x20000308, Load base: 0x000035a8, Size: 0x00000000, Max: 0x00000000, ABSOLUTE, UNINIT)

    Exec Addr    Load Addr    Size         Type   Attr      Idx    E Section Name        Object

    0x20000308        -       0x00000000   Zero   RW            3    ARM_LIB_STACK.bss   anon$$obj.o


    Execution Region STACK (Exec base: 0x20000308, Load base: 0x000035a8, Size: 0x00000400, Max: 0xffffffff, ABSOLUTE, UNINIT)

    Exec Addr    Load Addr    Size         Type   Attr      Idx    E Section Name        Object

    0x20000308        -       0x00000400   Zero   RW          139    .bss.stack          startup.o


    Execution Region RAM_END (Exec base: 0x20000708, Load base: 0x000035a8, Size: 0x00000004, Max: 0x00000004, ABSOLUTE)

    Exec Addr    Load Addr    Size         Type   Attr      Idx    E Section Name        Object

    0x20000708        -       0x00000004   Zero   RW            4    RAM_END.bss         anon$$obj.o


    Execution Region __tz_RAM_C (Exec base: 0x20080000, Load base: 0x000035a8, Size: 0x00000000, Max: 0x00000000, ABSOLUTE)

    Exec Addr    Load Addr    Size         Type   Attr      Idx    E Section Name        Object

    0x20080000        -       0x00000000   Zero   RW            5    __tz_RAM_C.bss      anon$$obj.o


    Execution Region __tz_RAM_N (Exec base: 0x20080000, Load base: 0x000035a8, Size: 0x00000000, Max: 0x00000000, ABSOLUTE)

    Exec Addr    Load Addr    Size         Type   Attr      Idx    E Section Name        Object

    0x20080000        -       0x00000000   Zero   RW            6    __tz_RAM_N.bss      anon$$obj.o


    Execution Region RAM_LIMIT (Exec base: 0x20080000, Load base: 0x000035a8, Size: 0x00000004, Max: 0x00000004, ABSOLUTE)

    Exec Addr    Load Addr    Size         Type   Attr      Idx    E Section Name        Object

    0x20080000        -       0x00000004   Zero   RW            7    RAM_LIMIT.bss       anon$$obj.o


    Execution Region OSPI_DEVICE_0_NO_LOAD (Exec base: 0x68000000, Load base: 0x000035a8, Size: 0x00000000, Max: 0xffffffff, ABSOLUTE, UNINIT)

    **** No section assigned to this execution region ****


    Execution Region OSPI_DEVICE_1_NO_LOAD (Exec base: 0x70000000, Load base: 0x000035a8, Size: 0x00000000, Max: 0xffffffff, ABSOLUTE, UNINIT)

    **** No section assigned to this execution region ****



  Load Region LOAD_REGION_NSC_FLASH (Base: 0x00004000, Size: 0x00000000, Max: 0xffffffff, ABSOLUTE)

    Execution Region __tz_FLASH_C (Exec base: 0x00004000, Load base: 0x00004000, Size: 0x00000000, Max: 0x00000000, ABSOLUTE)

    Exec Addr    Load Addr    Size         Type   Attr      Idx    E Section Name        Object

    0x00004000        -       0x00000000   Zero   RW            8    __tz_FLASH_C.bss    anon$$obj.o


    Execution Region EXEC_NSCR (Exec base: 0x00004000, Load base: 0x00004000, Size: 0x00000000, Max: 0xffffffff, ABSOLUTE, FIXED)

    **** No section assigned to this execution region ****


    Execution Region __tz_FLASH_N (Exec base: 0x00008000, Load base: 0x00004000, Size: 0x00000000, Max: 0x00000000, ABSOLUTE)

    Exec Addr    Load Addr    Size         Type   Attr      Idx    E Section Name        Object

    0x00008000        -       0x00000000   Zero   RW            9    __tz_FLASH_N.bss    anon$$obj.o



  Load Region LOAD_REGION_ID_CODE (Base: 0x00000000, Size: 0x00000000, Max: 0x00000004, ABSOLUTE)

    Execution Region __tz_ID_CODE_S (Exec base: 0x00000000, Load base: 0x00000000, Size: 0x00000000, Max: 0x00000000, ABSOLUTE)

    Exec Addr    Load Addr    Size         Type   Attr      Idx    E Section Name        Object

    0x00000000        -       0x00000000   Zero   RW           10    __tz_ID_CODE_S.bss  anon$$obj.o


    Execution Region __tz_ID_CODE_N (Exec base: 0x00000000, Load base: 0x00000000, Size: 0x00000000, Max: 0x00000000, ABSOLUTE)

    Exec Addr    Load Addr    Size         Type   Attr      Idx    E Section Name        Object

    0x00000000        -       0x00000000   Zero   RW           11    __tz_ID_CODE_N.bss  anon$$obj.o



  Load Region LOAD_REGION_OPTION_SETTING (Base: 0x0100a100, Size: 0x00000080, Max: 0x00000100, ABSOLUTE)

    Execution Region __tz_OPTION_SETTING_S (Exec base: 0x0100a100, Load base: 0x0100a100, Size: 0x00000000, Max: 0x00000000, ABSOLUTE)

    Exec Addr    Load Addr    Size         Type   Attr      Idx    E Section Name        Object

    0x0100a100        -       0x00000000   Zero   RW           12    __tz_OPTION_SETTING_S.bss  anon$$obj.o


    Execution Region OFS0 (Exec base: 0x0100a100, Load base: 0x0100a100, Size: 0x00000004, Max: 0xffffffff, ABSOLUTE, FIXED)

    Exec Addr    Load Addr    Size         Type   Attr      Idx    E Section Name        Object

    0x0100a100   0x0100a100   0x00000004   Data   RO          267    .option_setting_ofs0  bsp_rom_registers.o


    Execution Region UNUSED_0 (Exec base: 0x0100a104, Load base: 0x0100a104, Size: 0x00000000, Max: 0x00000000, ABSOLUTE, FIXED)

    Exec Addr    Load Addr    Size         Type   Attr      Idx    E Section Name        Object

    0x0100a104        -       0x00000000   Zero   RW           13    UNUSED_0.bss        anon$$obj.o


    Execution Region OFS2 (Exec base: 0x0100a104, Load base: 0x0100a104, Size: 0x00000000, Max: 0xffffffff, ABSOLUTE, FIXED)

    **** No section assigned to this execution region ****


    Execution Region UNUSED_1 (Exec base: 0x0100a104, Load base: 0x0100a104, Size: 0x0000000c, Max: 0x0000000c, ABSOLUTE, FIXED)

    Exec Addr    Load Addr    Size         Type   Attr      Idx    E Section Name        Object

    0x0100a104        -       0x0000000c   Zero   RW           14    UNUSED_1.bss        anon$$obj.o


    Execution Region DUALSEL (Exec base: 0x0100a110, Load base: 0x0100a110, Size: 0x00000004, Max: 0xffffffff, ABSOLUTE, FIXED)

    Exec Addr    Load Addr    Size         Type   Attr      Idx    E Section Name        Object

    0x0100a110   0x0100a110   0x00000004   Data   RO          268    .option_setting_dualsel  bsp_rom_registers.o


    Execution Region UNUSED_2 (Exec base: 0x0100a114, Load base: 0x0100a114, Size: 0x00000020, Max: 0x00000020, ABSOLUTE, FIXED)

    Exec Addr    Load Addr    Size         Type   Attr      Idx    E Section Name        Object

    0x0100a114        -       0x00000020   Zero   RW           15    UNUSED_2.bss        anon$$obj.o


    Execution Region SAS (Exec base: 0x0100a134, Load base: 0x0100a134, Size: 0x00000004, Max: 0xffffffff, ABSOLUTE, FIXED)

    Exec Addr    Load Addr    Size         Type   Attr      Idx    E Section Name        Object

    0x0100a134   0x0100a134   0x00000004   Data   RO          269    .option_setting_sas  bsp_rom_registers.o


    Execution Region UNUSED_3 (Exec base: 0x0100a138, Load base: 0x0100a138, Size: 0x00000048, Max: 0x00000048, ABSOLUTE, FIXED)

    Exec Addr    Load Addr    Size         Type   Attr      Idx    E Section Name        Object

    0x0100a138        -       0x00000048   Zero   RW           16    UNUSED_3.bss        anon$$obj.o


    Execution Region __tz_OPTION_SETTING_N (Exec base: 0x0100a180, Load base: 0x0100a180, Size: 0x00000000, Max: 0x00000000, ABSOLUTE)

    Exec Addr    Load Addr    Size         Type   Attr      Idx    E Section Name        Object

    0x0100a180        -       0x00000000   Zero   RW           17    __tz_OPTION_SETTING_N.bss  anon$$obj.o



  Load Region LOAD_REGION_OPTION_SETTING_S (Base: 0x0100a200, Size: 0x00000100, Max: 0x00000100, ABSOLUTE)

    Execution Region __tz_OPTION_SETTING_S_S (Exec base: 0x0100a200, Load base: 0x0100a200, Size: 0x00000000, Max: 0x00000000, ABSOLUTE)

    Exec Addr    Load Addr    Size         Type   Attr      Idx    E Section Name        Object

    0x0100a200        -       0x00000000   Zero   RW           18    __tz_OPTION_SETTING_S_S.bss  anon$$obj.o


    Execution Region OFS1_SEC (Exec base: 0x0100a200, Load base: 0x0100a200, Size: 0x00000004, Max: 0xffffffff, ABSOLUTE, FIXED)

    Exec Addr    Load Addr    Size         Type   Attr      Idx    E Section Name        Object

    0x0100a200   0x0100a200   0x00000004   Data   RO          270    .option_setting_ofs1_sec  bsp_rom_registers.o


    Execution Region UNUSED_7 (Exec base: 0x0100a204, Load base: 0x0100a204, Size: 0x00000000, Max: 0x00000000, ABSOLUTE, FIXED)

    Exec Addr    Load Addr    Size         Type   Attr      Idx    E Section Name        Object

    0x0100a204        -       0x00000000   Zero   RW           19    UNUSED_7.bss        anon$$obj.o


    Execution Region OFS3_SEC (Exec base: 0x0100a204, Load base: 0x0100a204, Size: 0x00000000, Max: 0xffffffff, ABSOLUTE, FIXED)

    **** No section assigned to this execution region ****


    Execution Region UNUSED_8 (Exec base: 0x0100a204, Load base: 0x0100a204, Size: 0x0000000c, Max: 0x0000000c, ABSOLUTE, FIXED)

    Exec Addr    Load Addr    Size         Type   Attr      Idx    E Section Name        Object

    0x0100a204        -       0x0000000c   Zero   RW           20    UNUSED_8.bss        anon$$obj.o


    Execution Region BANKSEL_SEC (Exec base: 0x0100a210, Load base: 0x0100a210, Size: 0x00000004, Max: 0xffffffff, ABSOLUTE, FIXED)

    Exec Addr    Load Addr    Size         Type   Attr      Idx    E Section Name        Object

    0x0100a210   0x0100a210   0x00000004   Data   RO          271    .option_setting_banksel_sec  bsp_rom_registers.o


    Execution Region UNUSED_9 (Exec base: 0x0100a214, Load base: 0x0100a214, Size: 0x0000002c, Max: 0x0000002c, ABSOLUTE, FIXED)

    Exec Addr    Load Addr    Size         Type   Attr      Idx    E Section Name        Object

    0x0100a214        -       0x0000002c   Zero   RW           21    UNUSED_9.bss        anon$$obj.o


    Execution Region BPS_SEC (Exec base: 0x0100a240, Load base: 0x0100a240, Size: 0x00000010, Max: 0xffffffff, ABSOLUTE, FIXED)

    Exec Addr    Load Addr    Size         Type   Attr      Idx    E Section Name        Object

    0x0100a240   0x0100a240   0x00000004   Data   RO          272    .option_setting_bps_sec0  bsp_rom_registers.o
    0x0100a244   0x0100a244   0x00000004   Data   RO          273    .option_setting_bps_sec1  bsp_rom_registers.o
    0x0100a248   0x0100a248   0x00000004   Data   RO          274    .option_setting_bps_sec2  bsp_rom_registers.o
    0x0100a24c   0x0100a24c   0x00000004   Data   RO          275    .option_setting_bps_sec3  bsp_rom_registers.o


    Execution Region UNUSED_10 (Exec base: 0x0100a250, Load base: 0x0100a250, Size: 0x00000010, Max: 0x00000010, ABSOLUTE, FIXED)

    Exec Addr    Load Addr    Size         Type   Attr      Idx    E Section Name        Object

    0x0100a250        -       0x00000010   Zero   RW           22    UNUSED_10.bss       anon$$obj.o


    Execution Region PBPS_SEC (Exec base: 0x0100a260, Load base: 0x0100a260, Size: 0x00000010, Max: 0xffffffff, ABSOLUTE, FIXED)

    Exec Addr    Load Addr    Size         Type   Attr      Idx    E Section Name        Object

    0x0100a260   0x0100a260   0x00000004   Data   RO          276    .option_setting_pbps_sec0  bsp_rom_registers.o
    0x0100a264   0x0100a264   0x00000004   Data   RO          277    .option_setting_pbps_sec1  bsp_rom_registers.o
    0x0100a268   0x0100a268   0x00000004   Data   RO          278    .option_setting_pbps_sec2  bsp_rom_registers.o
    0x0100a26c   0x0100a26c   0x00000004   Data   RO          279    .option_setting_pbps_sec3  bsp_rom_registers.o


    Execution Region UNUSED_11 (Exec base: 0x0100a270, Load base: 0x0100a270, Size: 0x00000010, Max: 0x00000010, ABSOLUTE, FIXED)

    Exec Addr    Load Addr    Size         Type   Attr      Idx    E Section Name        Object

    0x0100a270        -       0x00000010   Zero   RW           23    UNUSED_11.bss       anon$$obj.o


    Execution Region OFS1_SEL (Exec base: 0x0100a280, Load base: 0x0100a280, Size: 0x00000004, Max: 0xffffffff, ABSOLUTE, FIXED)

    Exec Addr    Load Addr    Size         Type   Attr      Idx    E Section Name        Object

    0x0100a280   0x0100a280   0x00000004   Data   RO          280    .option_setting_ofs1_sel  bsp_rom_registers.o


    Execution Region UNUSED_12 (Exec base: 0x0100a284, Load base: 0x0100a284, Size: 0x00000000, Max: 0x00000000, ABSOLUTE, FIXED)

    Exec Addr    Load Addr    Size         Type   Attr      Idx    E Section Name        Object

    0x0100a284        -       0x00000000   Zero   RW           24    UNUSED_12.bss       anon$$obj.o


    Execution Region OFS3_SEL (Exec base: 0x0100a284, Load base: 0x0100a284, Size: 0x00000000, Max: 0xffffffff, ABSOLUTE, FIXED)

    **** No section assigned to this execution region ****


    Execution Region UNUSED_13 (Exec base: 0x0100a284, Load base: 0x0100a284, Size: 0x0000000c, Max: 0x0000000c, ABSOLUTE, FIXED)

    Exec Addr    Load Addr    Size         Type   Attr      Idx    E Section Name        Object

    0x0100a284        -       0x0000000c   Zero   RW           25    UNUSED_13.bss       anon$$obj.o


    Execution Region BANKSEL_SEL (Exec base: 0x0100a290, Load base: 0x0100a290, Size: 0x00000004, Max: 0xffffffff, ABSOLUTE, FIXED)

    Exec Addr    Load Addr    Size         Type   Attr      Idx    E Section Name        Object

    0x0100a290   0x0100a290   0x00000004   Data   RO          281    .option_setting_banksel_sel  bsp_rom_registers.o


    Execution Region UNUSED_14 (Exec base: 0x0100a294, Load base: 0x0100a294, Size: 0x0000002c, Max: 0x0000002c, ABSOLUTE, FIXED)

    Exec Addr    Load Addr    Size         Type   Attr      Idx    E Section Name        Object

    0x0100a294        -       0x0000002c   Zero   RW           26    UNUSED_14.bss       anon$$obj.o


    Execution Region BPS_SEL (Exec base: 0x0100a2c0, Load base: 0x0100a2c0, Size: 0x00000010, Max: 0xffffffff, ABSOLUTE, FIXED)

    Exec Addr    Load Addr    Size         Type   Attr      Idx    E Section Name        Object

    0x0100a2c0   0x0100a2c0   0x00000004   Data   RO          282    .option_setting_bps_sel0  bsp_rom_registers.o
    0x0100a2c4   0x0100a2c4   0x00000004   Data   RO          283    .option_setting_bps_sel1  bsp_rom_registers.o
    0x0100a2c8   0x0100a2c8   0x00000004   Data   RO          284    .option_setting_bps_sel2  bsp_rom_registers.o
    0x0100a2cc   0x0100a2cc   0x00000004   Data   RO          285    .option_setting_bps_sel3  bsp_rom_registers.o


    Execution Region UNUSED_15 (Exec base: 0x0100a2d0, Load base: 0x0100a2d0, Size: 0x00000030, Max: 0x00000030, ABSOLUTE, FIXED)

    Exec Addr    Load Addr    Size         Type   Attr      Idx    E Section Name        Object

    0x0100a2d0        -       0x00000030   Zero   RW           27    UNUSED_15.bss       anon$$obj.o


    Execution Region __tz_OPTION_SETTING_S_N (Exec base: 0x0100a300, Load base: 0x0100a300, Size: 0x00000000, Max: 0x00000000, ABSOLUTE)

    Exec Addr    Load Addr    Size         Type   Attr      Idx    E Section Name        Object

    0x0100a300        -       0x00000000   Zero   RW           28    __tz_OPTION_SETTING_S_N.bss  anon$$obj.o



  Load Region LOAD_REGION_DATA_FLASH (Base: 0x08000000, Size: 0x00000000, Max: 0x00002000, ABSOLUTE)

    Execution Region __tz_DATA_FLASH_S (Exec base: 0x08000000, Load base: 0x08000000, Size: 0x00000000, Max: 0x00000000, ABSOLUTE)

    Exec Addr    Load Addr    Size         Type   Attr      Idx    E Section Name        Object

    0x08000000        -       0x00000000   Zero   RW           29    __tz_DATA_FLASH_S.bss  anon$$obj.o


    Execution Region DATA_FLASH (Exec base: 0x08000000, Load base: 0x08000000, Size: 0x00000000, Max: 0xffffffff, ABSOLUTE)

    **** No section assigned to this execution region ****


    Execution Region __tz_DATA_FLASH_N (Exec base: 0x08000000, Load base: 0x08000000, Size: 0x00000000, Max: 0x00000000, ABSOLUTE)

    Exec Addr    Load Addr    Size         Type   Attr      Idx    E Section Name        Object

    0x08000000        -       0x00000000   Zero   RW           30    __tz_DATA_FLASH_N.bss  anon$$obj.o



  Load Region LOAD_REGION_QSPI_FLASH (Base: 0x60000000, Size: 0x00000000, Max: 0x04000000, ABSOLUTE)

    Execution Region __tz_QSPI_FLASH_S (Exec base: 0x60000000, Load base: 0x60000000, Size: 0x00000000, Max: 0x00000000, ABSOLUTE)

    Exec Addr    Load Addr    Size         Type   Attr      Idx    E Section Name        Object

    0x60000000        -       0x00000000   Zero   RW           31    __tz_QSPI_FLASH_S.bss  anon$$obj.o


    Execution Region QSPI_FLASH (Exec base: 0x60000000, Load base: 0x60000000, Size: 0x00000000, Max: 0xffffffff, ABSOLUTE, FIXED)

    **** No section assigned to this execution region ****


    Execution Region __tz_QSPI_FLASH_N (Exec base: 0x60000000, Load base: 0x60000000, Size: 0x00000000, Max: 0x00000000, ABSOLUTE)

    Exec Addr    Load Addr    Size         Type   Attr      Idx    E Section Name        Object

    0x60000000        -       0x00000000   Zero   RW           32    __tz_QSPI_FLASH_N.bss  anon$$obj.o



  Load Region LOAD_REGION_OSPI_DEVICE_0 (Base: 0x68000000, Size: 0x00000000, Max: 0x08000000, ABSOLUTE)

    Execution Region __tz_OSPI_DEVICE_0_S (Exec base: 0x68000000, Load base: 0x68000000, Size: 0x00000000, Max: 0x00000000, ABSOLUTE)

    Exec Addr    Load Addr    Size         Type   Attr      Idx    E Section Name        Object

    0x68000000        -       0x00000000   Zero   RW           33    __tz_OSPI_DEVICE_0_S.bss  anon$$obj.o


    Execution Region OSPI_DEVICE_0 (Exec base: 0x68000000, Load base: 0x68000000, Size: 0x00000000, Max: 0xffffffff, ABSOLUTE, FIXED)

    **** No section assigned to this execution region ****


    Execution Region __tz_OSPI_DEVICE_0_N (Exec base: 0x68000000, Load base: 0x68000000, Size: 0x00000000, Max: 0x00000000, ABSOLUTE)

    Exec Addr    Load Addr    Size         Type   Attr      Idx    E Section Name        Object

    0x68000000        -       0x00000000   Zero   RW           34    __tz_OSPI_DEVICE_0_N.bss  anon$$obj.o



  Load Region LOAD_REGION_OSPI_DEVICE_1 (Base: 0x70000000, Size: 0x00000000, Max: 0x10000000, ABSOLUTE)

    Execution Region __tz_OSPI_DEVICE_1_S (Exec base: 0x70000000, Load base: 0x70000000, Size: 0x00000000, Max: 0x00000000, ABSOLUTE)

    Exec Addr    Load Addr    Size         Type   Attr      Idx    E Section Name        Object

    0x70000000        -       0x00000000   Zero   RW           35    __tz_OSPI_DEVICE_1_S.bss  anon$$obj.o


    Execution Region OSPI_DEVICE_1 (Exec base: 0x70000000, Load base: 0x70000000, Size: 0x00000000, Max: 0xffffffff, ABSOLUTE, FIXED)

    **** No section assigned to this execution region ****


    Execution Region __tz_OSPI_DEVICE_1_N (Exec base: 0x70000000, Load base: 0x70000000, Size: 0x00000000, Max: 0x00000000, ABSOLUTE)

    Exec Addr    Load Addr    Size         Type   Attr      Idx    E Section Name        Object

    0x70000000        -       0x00000000   Zero   RW           36    __tz_OSPI_DEVICE_1_N.bss  anon$$obj.o



  Load Region LOAD_REGION_SDRAM (Base: 0x80010000, Size: 0x00000000, Max: 0x00000000, ABSOLUTE)

    Execution Region __tz_SDRAM_S (Exec base: 0x80010000, Load base: 0x80010000, Size: 0x00000000, Max: 0x00000000, ABSOLUTE)

    Exec Addr    Load Addr    Size         Type   Attr      Idx    E Section Name        Object

    0x80010000        -       0x00000000   Zero   RW           37    __tz_SDRAM_S.bss    anon$$obj.o


    Execution Region SDRAM (Exec base: 0x80010000, Load base: 0x80010000, Size: 0x00000000, Max: 0xffffffff, ABSOLUTE, FIXED)

    **** No section assigned to this execution region ****


    Execution Region __tz_SDRAM_N (Exec base: 0x80010000, Load base: 0x80010000, Size: 0x00000000, Max: 0x00000000, ABSOLUTE)

    Exec Addr    Load Addr    Size         Type   Attr      Idx    E Section Name        Object

    0x80010000        -       0x00000000   Zero   RW           38    __tz_SDRAM_N.bss    anon$$obj.o


==============================================================================

Image component sizes


      Code (inc. data)   RO Data    RW Data    ZI Data      Debug   Object Name

       446          0          0          0         28      33077   bsp_clocks.o
         8          0         78          0          0       9936   bsp_common.o
        96          0          0          0          0       1773   bsp_delay.o
       384          0          0          0          0      17532   bsp_dht11.o
        68          0          0          0         64      13805   bsp_group_irq.o
         0          0          0          0          4        589   bsp_io.o
       150          0          0          0        384      17342   bsp_irq.o
       160          0          8          0          8      21417   bsp_register_protection.o
         0          0         76          0          0       1252   bsp_rom_registers.o
         0          0         32          0          0        950   bsp_security.o
         0          0         12          0          8      17698   common_data.o
       260          0         42         16          0      11358   drv_adc.o
       168         36          0          0         85      10670   drv_uart.o
         0          0        318          4        156      63169   hal_data.o
       860        196         50          0          6      21071   hal_entry.o
        86          0          0          0          4      12125   hal_systick.o
        10          0          0          0          0        519   main.o
         0          0        116          0          0       8094   pin_data.o
      1272         12         52          0          0      80456   r_adc.o
       912         12         52          0          0      51242   r_ioport.o
      1272          0         32          0          0      38347   r_sci_i2c.o
      1720          0         36          0          0      70384   r_sci_uart.o
        14          0         64          0       1024       1013   startup.o
       240          0          0          0          4       6412   system.o
         0          0        768          0          0       9719   vector_data.o

    ----------------------------------------------------------------------
      8148        256       1740         20       2092     519950   Object Totals
         0          0          0          0        316          0   (incl. Generated)
        22          0          4          0          1          0   (incl. Padding)

    ----------------------------------------------------------------------

      Code (inc. data)   RO Data    RW Data    ZI Data      Debug   Library Member Name

         0          0          0          0          0          0   iusefp.o
        30          0          0          0          0         68   llshl.o
        36          0          0          0          0         68   llsshr.o
        32          0          0          0          0         68   llushr.o
        36          0          0          0          0         68   memcpya.o
        36          0          0          0          0        108   memseta.o
      2258         90          0          0          0        452   printfa.o
        36          6          0          0          0         80   puts.o
        44          0          0          0          0         80   uidiv.o
        98          0          0          0          0         92   uldiv.o
        48          0          0          0          0         68   cdrcmple.o
        56          0          0          0          0         88   d2f.o
       334          0          0          0          0        148   dadd.o
       222          0          0          0          0        100   ddiv.o
       186          0          0          0          0        176   depilogue.o
        48          0          0          0          0         68   dfixul.o
        26          0          0          0          0         76   dfltui.o
       228          0          0          0          0         96   dmul.o
        38          0          0          0          0         68   f2d.o
       110          0          0          0          0        168   fepilogue.o

    ----------------------------------------------------------------------
      3904         96          0          0          0       2140   Library Totals
         2          0          0          0          0          0   (incl. Padding)

    ----------------------------------------------------------------------

      Code (inc. data)   RO Data    RW Data    ZI Data      Debug   Library Name

      2606         96          0          0          0       1084   mc_w.l
      1296          0          0          0          0       1056   mf_w.l

    ----------------------------------------------------------------------
      3904         96          0          0          0       2140   Library Totals

    ----------------------------------------------------------------------

==============================================================================


      Code (inc. data)   RO Data    RW Data    ZI Data      Debug   

     12052        352       1740         20       2092     520710   Grand Totals
     12052        352       1740         20       2092     520710   ELF Image Totals
     12052        352       1740         20          0          0   ROM Totals

==============================================================================

    Total RO  Size (Code + RO Data)                13792 (  13.47kB)
    Total RW  Size (RW Data + ZI Data)              2112 (   2.06kB)
    Total ROM Size (Code + RO Data + RW Data)      13812 (  13.49kB)

==============================================================================

